Copyright 1986-2021 Xilinx, Inc. All Rights Reserved.
----------------------------------------------------------------------------------------------------------------------------------------------------------------------------------------
| Tool Version : Vivado v.2021.1 (lin64) Build 3247384 Thu Jun 10 19:36:07 MDT 2021
| Date         : Wed Jan  4 08:22:30 2023
| Host         : caslab-wkst2 running 64-bit Ubuntu 18.04.6 LTS
| Command      : report_timing_summary -file /home/anthony/Documents/fpga-phantom-circuits/src/covert_transmitter/scripts/binaries/xc7a200tfbg676/reports/post_route_timing_summary.rpt
| Design       : covert_transmitter_top
| Device       : 7a200t-fbg676
| Speed File   : -3  PRODUCTION 1.23 2018-06-13
----------------------------------------------------------------------------------------------------------------------------------------------------------------------------------------

Timing Summary Report

------------------------------------------------------------------------------------------------
| Timer Settings
| --------------
------------------------------------------------------------------------------------------------

  Enable Multi Corner Analysis               :  Yes
  Enable Pessimism Removal                   :  Yes
  Pessimism Removal Resolution               :  Nearest Common Node
  Enable Input Delay Default Clock           :  No
  Enable Preset / Clear Arcs                 :  No
  Disable Flight Delays                      :  No
  Ignore I/O Paths                           :  No
  Timing Early Launch at Borrowing Latches   :  No
  Borrow Time for Max Delay Exceptions       :  Yes
  Merge Timing Exceptions                    :  Yes

  Corner  Analyze    Analyze    
  Name    Max Paths  Min Paths  
  ------  ---------  ---------  
  Slow    Yes        Yes        
  Fast    Yes        Yes        


------------------------------------------------------------------------------------------------
| Report Methodology
| ------------------
------------------------------------------------------------------------------------------------

No report available as report_methodology has not been run prior. Run report_methodology on the current design for the summary of methodology violations.



check_timing report

Table of Contents
-----------------
1. checking no_clock (0)
2. checking constant_clock (0)
3. checking pulse_width_clock (0)
4. checking unconstrained_internal_endpoints (0)
5. checking no_input_delay (2)
6. checking no_output_delay (0)
7. checking multiple_clock (0)
8. checking generated_clocks (0)
9. checking loops (10000)
10. checking partial_input_delay (0)
11. checking partial_output_delay (0)
12. checking latch_loops (0)

1. checking no_clock (0)
------------------------
 There are 0 register/latch pins with no clock.


2. checking constant_clock (0)
------------------------------
 There are 0 register/latch pins with constant_clock.


3. checking pulse_width_clock (0)
---------------------------------
 There are 0 register/latch pins which need pulse_width check


4. checking unconstrained_internal_endpoints (0)
------------------------------------------------
 There are 0 pins that are not constrained for maximum delay.

 There are 0 pins that are not constrained for maximum delay due to constant clock.


5. checking no_input_delay (2)
------------------------------
 There are 2 input ports with no input delay specified. (HIGH)

 There are 0 input ports with no input delay but user has a false path constraint.


6. checking no_output_delay (0)
-------------------------------
 There are 0 ports with no output delay specified.

 There are 0 ports with no output delay but user has a false path constraint

 There are 0 ports with no output delay but with a timing clock defined on it or propagating through it


7. checking multiple_clock (0)
------------------------------
 There are 0 register/latch pins with multiple clocks.


8. checking generated_clocks (0)
--------------------------------
 There are 0 generated clocks that are not connected to a clock source.


9. checking loops (10000)
-------------------------
 There are 10000 combinational loops in the design. (HIGH)


10. checking partial_input_delay (0)
------------------------------------
 There are 0 input ports with partial input delay specified.


11. checking partial_output_delay (0)
-------------------------------------
 There are 0 ports with partial output delay specified.


12. checking latch_loops (0)
----------------------------
 There are 0 combinational latch loops in the design through latch input



------------------------------------------------------------------------------------------------
| Design Timing Summary
| ---------------------
------------------------------------------------------------------------------------------------

    WNS(ns)      TNS(ns)  TNS Failing Endpoints  TNS Total Endpoints      WHS(ns)      THS(ns)  THS Failing Endpoints  THS Total Endpoints     WPWS(ns)     TPWS(ns)  TPWS Failing Endpoints  TPWS Total Endpoints  
    -------      -------  ---------------------  -------------------      -------      -------  ---------------------  -------------------     --------     --------  ----------------------  --------------------  
      1.288        0.000                      0                  308        0.160        0.000                      0                  308        2.000        0.000                       0                   157  


All user specified timing constraints are met.


------------------------------------------------------------------------------------------------
| Clock Summary
| -------------
------------------------------------------------------------------------------------------------

Clock      Waveform(ns)         Period(ns)      Frequency(MHz)
-----      ------------         ----------      --------------
sys_clk_p  {0.000 2.500}        5.000           200.000         


------------------------------------------------------------------------------------------------
| Intra Clock Table
| -----------------
------------------------------------------------------------------------------------------------

Clock             WNS(ns)      TNS(ns)  TNS Failing Endpoints  TNS Total Endpoints      WHS(ns)      THS(ns)  THS Failing Endpoints  THS Total Endpoints     WPWS(ns)     TPWS(ns)  TPWS Failing Endpoints  TPWS Total Endpoints  
-----             -------      -------  ---------------------  -------------------      -------      -------  ---------------------  -------------------     --------     --------  ----------------------  --------------------  
sys_clk_p           1.288        0.000                      0                  308        0.160        0.000                      0                  308        2.000        0.000                       0                   157  


------------------------------------------------------------------------------------------------
| Inter Clock Table
| -----------------
------------------------------------------------------------------------------------------------

From Clock    To Clock          WNS(ns)      TNS(ns)  TNS Failing Endpoints  TNS Total Endpoints      WHS(ns)      THS(ns)  THS Failing Endpoints  THS Total Endpoints  
----------    --------          -------      -------  ---------------------  -------------------      -------      -------  ---------------------  -------------------  


------------------------------------------------------------------------------------------------
| Other Path Groups Table
| -----------------------
------------------------------------------------------------------------------------------------

Path Group    From Clock    To Clock          WNS(ns)      TNS(ns)  TNS Failing Endpoints  TNS Total Endpoints      WHS(ns)      THS(ns)  THS Failing Endpoints  THS Total Endpoints  
----------    ----------    --------          -------      -------  ---------------------  -------------------      -------      -------  ---------------------  -------------------  


------------------------------------------------------------------------------------------------
| Timing Details
| --------------
------------------------------------------------------------------------------------------------


---------------------------------------------------------------------------------------------------
From Clock:  sys_clk_p
  To Clock:  sys_clk_p

Setup :            0  Failing Endpoints,  Worst Slack        1.288ns,  Total Violation        0.000ns
Hold  :            0  Failing Endpoints,  Worst Slack        0.160ns,  Total Violation        0.000ns
PW    :            0  Failing Endpoints,  Worst Slack        2.000ns,  Total Violation        0.000ns
---------------------------------------------------------------------------------------------------


Max Delay Paths
--------------------------------------------------------------------------------------
Slack (MET) :             1.288ns  (required time - arrival time)
  Source:                 trig_bit_reg[0]/C
                            (rising edge-triggered cell FDRE clocked by sys_clk_p  {rise@0.000ns fall@2.500ns period=5.000ns})
  Destination:            ctrl/clk_counter_reg[31]/D
                            (rising edge-triggered cell FDRE clocked by sys_clk_p  {rise@0.000ns fall@2.500ns period=5.000ns})
  Path Group:             sys_clk_p
  Path Type:              Setup (Max at Slow Process Corner)
  Requirement:            5.000ns  (sys_clk_p rise@5.000ns - sys_clk_p rise@0.000ns)
  Data Path Delay:        3.723ns  (logic 2.152ns (57.801%)  route 1.571ns (42.199%))
  Logic Levels:           11  (CARRY4=8 LUT6=2 MUXF7=1)
  Clock Path Skew:        -0.048ns (DCD - SCD + CPR)
    Destination Clock Delay (DCD):    3.526ns = ( 8.526 - 5.000 ) 
    Source Clock Delay      (SCD):    3.763ns
    Clock Pessimism Removal (CPR):    0.189ns
  Clock Uncertainty:      0.035ns  ((TSJ^2 + TIJ^2)^1/2 + DJ) / 2 + PE
    Total System Jitter     (TSJ):    0.071ns
    Total Input Jitter      (TIJ):    0.000ns
    Discrete Jitter          (DJ):    0.000ns
    Phase Error              (PE):    0.000ns

    Location             Delay type                Incr(ns)  Path(ns)    Netlist Resource(s)
  -------------------------------------------------------------------    -------------------
                         (clock sys_clk_p rise edge)
                                                      0.000     0.000 r  
    R3                                                0.000     0.000 r  sys_clk_p (IN)
                         net (fo=0)                   0.000     0.000    sys_clk_p
    R3                   IBUFDS (Prop_ibufds_I_O)     0.807     0.807 r  IBUFDS_inst/O
                         net (fo=1, routed)           1.598     2.406    sys_clk
    BUFGCTRL_X0Y0        BUFG (Prop_bufg_I_O)         0.077     2.483 r  sys_clk_BUFG_inst/O
                         net (fo=156, routed)         1.281     3.763    sys_clk_BUFG
    SLICE_X100Y103       FDRE                                         r  trig_bit_reg[0]/C
  -------------------------------------------------------------------    -------------------
    SLICE_X100Y103       FDRE (Prop_fdre_C_Q)         0.361     4.124 r  trig_bit_reg[0]/Q
                         net (fo=8, routed)           0.728     4.852    ctrl/trig_bit[0]
    SLICE_X99Y107        LUT6 (Prop_lut6_I4_O)        0.199     5.051 f  ctrl/local_mask[9]_i_10/O
                         net (fo=1, routed)           0.000     5.051    ctrl/local_mask[9]_i_10_n_0
    SLICE_X99Y107        MUXF7 (Prop_muxf7_I0_O)      0.163     5.214 f  ctrl/local_mask_reg[9]_i_5/O
                         net (fo=34, routed)          0.723     5.937    ctrl/local_mask_reg[9]_i_5_n_0
    SLICE_X99Y101        LUT6 (Prop_lut6_I5_O)        0.229     6.166 r  ctrl/clk_counter[0]_i_2/O
                         net (fo=1, routed)           0.120     6.286    ctrl/clk_counter[0]_i_2_n_0
    SLICE_X98Y101        CARRY4 (Prop_carry4_DI[0]_CO[3])
                                                      0.411     6.697 r  ctrl/clk_counter_reg[0]_i_1/CO[3]
                         net (fo=1, routed)           0.000     6.697    ctrl/clk_counter_reg[0]_i_1_n_0
    SLICE_X98Y102        CARRY4 (Prop_carry4_CI_CO[3])
                                                      0.092     6.789 r  ctrl/clk_counter_reg[4]_i_1/CO[3]
                         net (fo=1, routed)           0.000     6.789    ctrl/clk_counter_reg[4]_i_1_n_0
    SLICE_X98Y103        CARRY4 (Prop_carry4_CI_CO[3])
                                                      0.092     6.881 r  ctrl/clk_counter_reg[8]_i_1/CO[3]
                         net (fo=1, routed)           0.000     6.881    ctrl/clk_counter_reg[8]_i_1_n_0
    SLICE_X98Y104        CARRY4 (Prop_carry4_CI_CO[3])
                                                      0.092     6.973 r  ctrl/clk_counter_reg[12]_i_1/CO[3]
                         net (fo=1, routed)           0.000     6.973    ctrl/clk_counter_reg[12]_i_1_n_0
    SLICE_X98Y105        CARRY4 (Prop_carry4_CI_CO[3])
                                                      0.092     7.065 r  ctrl/clk_counter_reg[16]_i_1/CO[3]
                         net (fo=1, routed)           0.000     7.065    ctrl/clk_counter_reg[16]_i_1_n_0
    SLICE_X98Y106        CARRY4 (Prop_carry4_CI_CO[3])
                                                      0.092     7.157 r  ctrl/clk_counter_reg[20]_i_1/CO[3]
                         net (fo=1, routed)           0.000     7.157    ctrl/clk_counter_reg[20]_i_1_n_0
    SLICE_X98Y107        CARRY4 (Prop_carry4_CI_CO[3])
                                                      0.092     7.249 r  ctrl/clk_counter_reg[24]_i_1/CO[3]
                         net (fo=1, routed)           0.000     7.249    ctrl/clk_counter_reg[24]_i_1_n_0
    SLICE_X98Y108        CARRY4 (Prop_carry4_CI_O[3])
                                                      0.237     7.486 r  ctrl/clk_counter_reg[28]_i_1/O[3]
                         net (fo=1, routed)           0.000     7.486    ctrl/clk_counter_reg[28]_i_1_n_4
    SLICE_X98Y108        FDRE                                         r  ctrl/clk_counter_reg[31]/D
  -------------------------------------------------------------------    -------------------

                         (clock sys_clk_p rise edge)
                                                      5.000     5.000 r  
    R3                                                0.000     5.000 r  sys_clk_p (IN)
                         net (fo=0)                   0.000     5.000    sys_clk_p
    R3                   IBUFDS (Prop_ibufds_I_O)     0.766     5.766 r  IBUFDS_inst/O
                         net (fo=1, routed)           1.514     7.280    sys_clk
    BUFGCTRL_X0Y0        BUFG (Prop_bufg_I_O)         0.073     7.353 r  sys_clk_BUFG_inst/O
                         net (fo=156, routed)         1.173     8.526    ctrl/clk
    SLICE_X98Y108        FDRE                                         r  ctrl/clk_counter_reg[31]/C
                         clock pessimism              0.189     8.715    
                         clock uncertainty           -0.035     8.680    
    SLICE_X98Y108        FDRE (Setup_fdre_C_D)        0.094     8.774    ctrl/clk_counter_reg[31]
  -------------------------------------------------------------------
                         required time                          8.774    
                         arrival time                          -7.486    
  -------------------------------------------------------------------
                         slack                                  1.288    





Min Delay Paths
--------------------------------------------------------------------------------------
Slack (MET) :             0.160ns  (arrival time - required time)
  Source:                 rx_uart/state_reg[0]/C
                            (rising edge-triggered cell FDRE clocked by sys_clk_p  {rise@0.000ns fall@2.500ns period=5.000ns})
  Destination:            rx_uart/pre_wr_reg/D
                            (rising edge-triggered cell FDRE clocked by sys_clk_p  {rise@0.000ns fall@2.500ns period=5.000ns})
  Path Group:             sys_clk_p
  Path Type:              Hold (Min at Fast Process Corner)
  Requirement:            0.000ns  (sys_clk_p rise@0.000ns - sys_clk_p rise@0.000ns)
  Data Path Delay:        0.293ns  (logic 0.186ns (63.417%)  route 0.107ns (36.583%))
  Logic Levels:           1  (LUT6=1)
  Clock Path Skew:        0.013ns (DCD - SCD - CPR)
    Destination Clock Delay (DCD):    2.041ns
    Source Clock Delay      (SCD):    1.676ns
    Clock Pessimism Removal (CPR):    0.353ns

    Location             Delay type                Incr(ns)  Path(ns)    Netlist Resource(s)
  -------------------------------------------------------------------    -------------------
                         (clock sys_clk_p rise edge)
                                                      0.000     0.000 r  
    R3                                                0.000     0.000 r  sys_clk_p (IN)
                         net (fo=0)                   0.000     0.000    sys_clk_p
    R3                   IBUFDS (Prop_ibufds_I_O)     0.386     0.386 r  IBUFDS_inst/O
                         net (fo=1, routed)           0.676     1.062    sys_clk
    BUFGCTRL_X0Y0        BUFG (Prop_bufg_I_O)         0.027     1.089 r  sys_clk_BUFG_inst/O
                         net (fo=156, routed)         0.587     1.676    rx_uart/i_clk
    SLICE_X103Y102       FDRE                                         r  rx_uart/state_reg[0]/C
  -------------------------------------------------------------------    -------------------
    SLICE_X103Y102       FDRE (Prop_fdre_C_Q)         0.141     1.817 r  rx_uart/state_reg[0]/Q
                         net (fo=16, routed)          0.107     1.924    rx_uart/state_reg_n_0_[0]
    SLICE_X102Y102       LUT6 (Prop_lut6_I3_O)        0.045     1.969 r  rx_uart/pre_wr_i_1/O
                         net (fo=1, routed)           0.000     1.969    rx_uart/pre_wr_i_1_n_0
    SLICE_X102Y102       FDRE                                         r  rx_uart/pre_wr_reg/D
  -------------------------------------------------------------------    -------------------

                         (clock sys_clk_p rise edge)
                                                      0.000     0.000 r  
    R3                                                0.000     0.000 r  sys_clk_p (IN)
                         net (fo=0)                   0.000     0.000    sys_clk_p
    R3                   IBUFDS (Prop_ibufds_I_O)     0.421     0.421 r  IBUFDS_inst/O
                         net (fo=1, routed)           0.734     1.155    sys_clk
    BUFGCTRL_X0Y0        BUFG (Prop_bufg_I_O)         0.030     1.185 r  sys_clk_BUFG_inst/O
                         net (fo=156, routed)         0.857     2.041    rx_uart/i_clk
    SLICE_X102Y102       FDRE                                         r  rx_uart/pre_wr_reg/C
                         clock pessimism             -0.353     1.689    
    SLICE_X102Y102       FDRE (Hold_fdre_C_D)         0.120     1.809    rx_uart/pre_wr_reg
  -------------------------------------------------------------------
                         required time                         -1.809    
                         arrival time                           1.969    
  -------------------------------------------------------------------
                         slack                                  0.160    





Pulse Width Checks
--------------------------------------------------------------------------------------
Clock Name:         sys_clk_p
Waveform(ns):       { 0.000 2.500 }
Period(ns):         5.000
Sources:            { sys_clk_p }

Check Type        Corner  Lib Pin  Reference Pin  Required(ns)  Actual(ns)  Slack(ns)  Location        Pin
Min Period        n/a     BUFG/I   n/a            1.592         5.000       3.408      BUFGCTRL_X0Y0   sys_clk_BUFG_inst/I
Low Pulse Width   Slow    FDRE/C   n/a            0.500         2.500       2.000      SLICE_X101Y103  ctrl_rst_reg/C
High Pulse Width  Slow    FDRE/C   n/a            0.500         2.500       2.000      SLICE_X101Y103  ctrl_rst_reg/C



