Copyright 1986-2021 Xilinx, Inc. All Rights Reserved.
----------------------------------------------------------------------------------------------------------------------------------------------------------------------------------------
| Tool Version : Vivado v.2021.1 (lin64) Build 3247384 Thu Jun 10 19:36:07 MDT 2021
| Date         : Tue Dec 20 11:35:40 2022
| Host         : caslab-wkst2 running 64-bit Ubuntu 18.04.6 LTS
| Command      : report_timing_summary -file /home/anthony/Documents/fpga-phantom-circuits/src/covert_ro_receiver/scripts/binaries/xc7a200tfbg676/reports/post_place_timing_summary.rpt
| Design       : covert_receiver_top
| Device       : 7a200t-fbg676
| Speed File   : -3  PRODUCTION 1.23 2018-06-13
----------------------------------------------------------------------------------------------------------------------------------------------------------------------------------------

Timing Summary Report

------------------------------------------------------------------------------------------------
| Timer Settings
| --------------
------------------------------------------------------------------------------------------------

  Enable Multi Corner Analysis               :  Yes
  Enable Pessimism Removal                   :  Yes
  Pessimism Removal Resolution               :  Nearest Common Node
  Enable Input Delay Default Clock           :  No
  Enable Preset / Clear Arcs                 :  No
  Disable Flight Delays                      :  No
  Ignore I/O Paths                           :  No
  Timing Early Launch at Borrowing Latches   :  No
  Borrow Time for Max Delay Exceptions       :  Yes
  Merge Timing Exceptions                    :  Yes

  Corner  Analyze    Analyze    
  Name    Max Paths  Min Paths  
  ------  ---------  ---------  
  Slow    Yes        Yes        
  Fast    Yes        Yes        


------------------------------------------------------------------------------------------------
| Report Methodology
| ------------------
------------------------------------------------------------------------------------------------

No report available as report_methodology has not been run prior. Run report_methodology on the current design for the summary of methodology violations.



check_timing report

Table of Contents
-----------------
1. checking no_clock (640)
2. checking constant_clock (0)
3. checking pulse_width_clock (0)
4. checking unconstrained_internal_endpoints (1280)
5. checking no_input_delay (2)
6. checking no_output_delay (1)
7. checking multiple_clock (0)
8. checking generated_clocks (0)
9. checking loops (2520)
10. checking partial_input_delay (0)
11. checking partial_output_delay (0)
12. checking latch_loops (0)

1. checking no_clock (640)
--------------------------
 There are 160 register/latch pins with no clock driven by root clock pin: ctrl_gen[0].ctrl_inst/enabled_reg/Q (HIGH)

 There are 160 register/latch pins with no clock driven by root clock pin: ctrl_gen[1].ctrl_inst/enabled_reg/Q (HIGH)

 There are 160 register/latch pins with no clock driven by root clock pin: ctrl_gen[2].ctrl_inst/enabled_reg/Q (HIGH)

 There are 160 register/latch pins with no clock driven by root clock pin: ctrl_gen[3].ctrl_inst/enabled_reg/Q (HIGH)


2. checking constant_clock (0)
------------------------------
 There are 0 register/latch pins with constant_clock.


3. checking pulse_width_clock (0)
---------------------------------
 There are 0 register/latch pins which need pulse_width check


4. checking unconstrained_internal_endpoints (1280)
---------------------------------------------------
 There are 1280 pins that are not constrained for maximum delay. (HIGH)

 There are 0 pins that are not constrained for maximum delay due to constant clock.


5. checking no_input_delay (2)
------------------------------
 There are 2 input ports with no input delay specified. (HIGH)

 There are 0 input ports with no input delay but user has a false path constraint.


6. checking no_output_delay (1)
-------------------------------
 There is 1 port with no output delay specified. (HIGH)

 There are 0 ports with no output delay but user has a false path constraint

 There are 0 ports with no output delay but with a timing clock defined on it or propagating through it


7. checking multiple_clock (0)
------------------------------
 There are 0 register/latch pins with multiple clocks.


8. checking generated_clocks (0)
--------------------------------
 There are 0 generated clocks that are not connected to a clock source.


9. checking loops (2520)
------------------------
 There are 2520 combinational loops in the design. (HIGH)


10. checking partial_input_delay (0)
------------------------------------
 There are 0 input ports with partial input delay specified.


11. checking partial_output_delay (0)
-------------------------------------
 There are 0 ports with partial output delay specified.


12. checking latch_loops (0)
----------------------------
 There are 0 combinational latch loops in the design through latch input



------------------------------------------------------------------------------------------------
| Design Timing Summary
| ---------------------
------------------------------------------------------------------------------------------------

    WNS(ns)      TNS(ns)  TNS Failing Endpoints  TNS Total Endpoints      WHS(ns)      THS(ns)  THS Failing Endpoints  THS Total Endpoints     WPWS(ns)     TPWS(ns)  TPWS Failing Endpoints  TPWS Total Endpoints  
    -------      -------  ---------------------  -------------------      -------      -------  ---------------------  -------------------     --------     --------  ----------------------  --------------------  
      1.355        0.000                      0                 5895       -0.154       -1.395                     28                 5895        1.730        0.000                       0                  4401  


Timing constraints are not met.


------------------------------------------------------------------------------------------------
| Clock Summary
| -------------
------------------------------------------------------------------------------------------------

Clock      Waveform(ns)         Period(ns)      Frequency(MHz)
-----      ------------         ----------      --------------
sys_clk_p  {0.000 2.500}        5.000           200.000         


------------------------------------------------------------------------------------------------
| Intra Clock Table
| -----------------
------------------------------------------------------------------------------------------------

Clock             WNS(ns)      TNS(ns)  TNS Failing Endpoints  TNS Total Endpoints      WHS(ns)      THS(ns)  THS Failing Endpoints  THS Total Endpoints     WPWS(ns)     TPWS(ns)  TPWS Failing Endpoints  TPWS Total Endpoints  
-----             -------      -------  ---------------------  -------------------      -------      -------  ---------------------  -------------------     --------     --------  ----------------------  --------------------  
sys_clk_p           1.355        0.000                      0                 5895       -0.154       -1.395                     28                 5895        1.730        0.000                       0                  4401  


------------------------------------------------------------------------------------------------
| Inter Clock Table
| -----------------
------------------------------------------------------------------------------------------------

From Clock    To Clock          WNS(ns)      TNS(ns)  TNS Failing Endpoints  TNS Total Endpoints      WHS(ns)      THS(ns)  THS Failing Endpoints  THS Total Endpoints  
----------    --------          -------      -------  ---------------------  -------------------      -------      -------  ---------------------  -------------------  


------------------------------------------------------------------------------------------------
| Other Path Groups Table
| -----------------------
------------------------------------------------------------------------------------------------

Path Group    From Clock    To Clock          WNS(ns)      TNS(ns)  TNS Failing Endpoints  TNS Total Endpoints      WHS(ns)      THS(ns)  THS Failing Endpoints  THS Total Endpoints  
----------    ----------    --------          -------      -------  ---------------------  -------------------      -------      -------  ---------------------  -------------------  


------------------------------------------------------------------------------------------------
| Timing Details
| --------------
------------------------------------------------------------------------------------------------


---------------------------------------------------------------------------------------------------
From Clock:  sys_clk_p
  To Clock:  sys_clk_p

Setup :            0  Failing Endpoints,  Worst Slack        1.355ns,  Total Violation        0.000ns
Hold  :           28  Failing Endpoints,  Worst Slack       -0.154ns,  Total Violation       -1.395ns
PW    :            0  Failing Endpoints,  Worst Slack        1.730ns,  Total Violation        0.000ns
---------------------------------------------------------------------------------------------------


Max Delay Paths
--------------------------------------------------------------------------------------
Slack (MET) :             1.355ns  (required time - arrival time)
  Source:                 FSM_onehot_fifo_state_reg[1]/C
                            (rising edge-triggered cell FDRE clocked by sys_clk_p  {rise@0.000ns fall@2.500ns period=5.000ns})
  Destination:            FSM_onehot_fifo_state_reg[0]_rep/D
                            (rising edge-triggered cell FDRE clocked by sys_clk_p  {rise@0.000ns fall@2.500ns period=5.000ns})
  Path Group:             sys_clk_p
  Path Type:              Setup (Max at Slow Process Corner)
  Requirement:            5.000ns  (sys_clk_p rise@5.000ns - sys_clk_p rise@0.000ns)
  Data Path Delay:        3.389ns  (logic 0.832ns (24.550%)  route 2.557ns (75.450%))
  Logic Levels:           3  (LUT4=1 LUT5=1 LUT6=1)
  Clock Path Skew:        -0.045ns (DCD - SCD + CPR)
    Destination Clock Delay (DCD):    3.512ns = ( 8.512 - 5.000 ) 
    Source Clock Delay      (SCD):    3.742ns
    Clock Pessimism Removal (CPR):    0.185ns
  Clock Uncertainty:      0.035ns  ((TSJ^2 + TIJ^2)^1/2 + DJ) / 2 + PE
    Total System Jitter     (TSJ):    0.071ns
    Total Input Jitter      (TIJ):    0.000ns
    Discrete Jitter          (DJ):    0.000ns
    Phase Error              (PE):    0.000ns

    Location             Delay type                Incr(ns)  Path(ns)    Netlist Resource(s)
  -------------------------------------------------------------------    -------------------
                         (clock sys_clk_p rise edge)
                                                      0.000     0.000 r  
    R3                                                0.000     0.000 r  sys_clk_p (IN)
                         net (fo=0)                   0.000     0.000    sys_clk_p
    R3                   IBUFDS (Prop_ibufds_I_O)     0.807     0.807 r  IBUFDS_inst/O
                         net (fo=1, estimated)        1.598     2.405    sys_clk
    BUFGCTRL_X0Y0        BUFG (Prop_bufg_I_O)         0.077     2.482 r  sys_clk_BUFG_inst/O
                         net (fo=4400, estimated)     1.260     3.742    sys_clk_BUFG
    SLICE_X74Y134        FDRE                                         r  FSM_onehot_fifo_state_reg[1]/C
  -------------------------------------------------------------------    -------------------
    SLICE_X74Y134        FDRE (Prop_fdre_C_Q)         0.393     4.135 r  FSM_onehot_fifo_state_reg[1]/Q
                         net (fo=144, estimated)      0.829     4.964    fifo_in
    SLICE_X76Y136        LUT6 (Prop_lut6_I0_O)        0.097     5.061 r  fifo_counts_in[799]_i_1/O
                         net (fo=807, estimated)      0.932     5.993    fifo_counts_in[799]_i_1_n_0
    SLICE_X76Y133        LUT5 (Prop_lut5_I1_O)        0.100     6.093 r  FSM_onehot_fifo_state[1]_i_3/O
                         net (fo=14, estimated)       0.445     6.538    FSM_onehot_fifo_state[1]_i_3_n_0
    SLICE_X77Y133        LUT4 (Prop_lut4_I3_O)        0.242     6.780 r  FSM_onehot_fifo_state[0]_rep_i_1/O
                         net (fo=1, estimated)        0.351     7.131    FSM_onehot_fifo_state[0]_rep_i_1_n_0
    SLICE_X77Y133        FDRE                                         r  FSM_onehot_fifo_state_reg[0]_rep/D
  -------------------------------------------------------------------    -------------------

                         (clock sys_clk_p rise edge)
                                                      5.000     5.000 r  
    R3                                                0.000     5.000 r  sys_clk_p (IN)
                         net (fo=0)                   0.000     5.000    sys_clk_p
    R3                   IBUFDS (Prop_ibufds_I_O)     0.766     5.766 r  IBUFDS_inst/O
                         net (fo=1, estimated)        1.518     7.284    sys_clk
    BUFGCTRL_X0Y0        BUFG (Prop_bufg_I_O)         0.073     7.357 r  sys_clk_BUFG_inst/O
                         net (fo=4400, estimated)     1.155     8.512    sys_clk_BUFG
    SLICE_X77Y133        FDRE                                         r  FSM_onehot_fifo_state_reg[0]_rep/C
                         clock pessimism              0.185     8.697    
                         clock uncertainty           -0.035     8.662    
    SLICE_X77Y133        FDRE (Setup_fdre_C_D)       -0.176     8.486    FSM_onehot_fifo_state_reg[0]_rep
  -------------------------------------------------------------------
                         required time                          8.486    
                         arrival time                          -7.131    
  -------------------------------------------------------------------
                         slack                                  1.355    





Min Delay Paths
--------------------------------------------------------------------------------------
Slack (VIOLATED) :        -0.154ns  (arrival time - required time)
  Source:                 fifo_in_reg[19]/C
                            (rising edge-triggered cell FDRE clocked by sys_clk_p  {rise@0.000ns fall@2.500ns period=5.000ns})
  Destination:            cnt_fifo/U0/inst_fifo_gen/gconvfifo.rf/grf.rf/gntv_or_sync_fifo.mem/gbm.gbmg.gbmga.ngecc.bmg/inst_blk_mem_gen/gnbram.gnativebmg.native_blk_mem_gen/valid.cstr/ramloop[2].ram.r/prim_noinit.ram/DEVICE_7SERIES.NO_BMM_INFO.SDP.SIMPLE_PRIM36.ram/DIADI[1]
                            (rising edge-triggered cell RAMB36E1 clocked by sys_clk_p  {rise@0.000ns fall@2.500ns period=5.000ns})
  Path Group:             sys_clk_p
  Path Type:              Hold (Min at Slow Process Corner)
  Requirement:            0.000ns  (sys_clk_p rise@0.000ns - sys_clk_p rise@0.000ns)
  Data Path Delay:        0.500ns  (logic 0.274ns (54.789%)  route 0.226ns (45.211%))
  Logic Levels:           0  
  Clock Path Skew:        0.061ns (DCD - SCD - CPR)
    Destination Clock Delay (DCD):    3.774ns
    Source Clock Delay      (SCD):    3.511ns
    Clock Pessimism Removal (CPR):    0.202ns

    Location             Delay type                Incr(ns)  Path(ns)    Netlist Resource(s)
  -------------------------------------------------------------------    -------------------
                         (clock sys_clk_p rise edge)
                                                      0.000     0.000 r  
    R3                                                0.000     0.000 r  sys_clk_p (IN)
                         net (fo=0)                   0.000     0.000    sys_clk_p
    R3                   IBUFDS (Prop_ibufds_I_O)     0.766     0.766 r  IBUFDS_inst/O
                         net (fo=1, estimated)        1.518     2.284    sys_clk
    BUFGCTRL_X0Y0        BUFG (Prop_bufg_I_O)         0.073     2.357 r  sys_clk_BUFG_inst/O
                         net (fo=4400, estimated)     1.154     3.511    sys_clk_BUFG
    SLICE_X77Y132        FDRE                                         r  fifo_in_reg[19]/C
  -------------------------------------------------------------------    -------------------
    SLICE_X77Y132        FDRE (Prop_fdre_C_Q)         0.274     3.785 r  fifo_in_reg[19]/Q
                         net (fo=1, estimated)        0.226     4.011    cnt_fifo/U0/inst_fifo_gen/gconvfifo.rf/grf.rf/gntv_or_sync_fifo.mem/gbm.gbmg.gbmga.ngecc.bmg/inst_blk_mem_gen/gnbram.gnativebmg.native_blk_mem_gen/valid.cstr/ramloop[2].ram.r/prim_noinit.ram/DINA[1]
    RAMB36_X4Y26         RAMB36E1                                     r  cnt_fifo/U0/inst_fifo_gen/gconvfifo.rf/grf.rf/gntv_or_sync_fifo.mem/gbm.gbmg.gbmga.ngecc.bmg/inst_blk_mem_gen/gnbram.gnativebmg.native_blk_mem_gen/valid.cstr/ramloop[2].ram.r/prim_noinit.ram/DEVICE_7SERIES.NO_BMM_INFO.SDP.SIMPLE_PRIM36.ram/DIADI[1]
  -------------------------------------------------------------------    -------------------

                         (clock sys_clk_p rise edge)
                                                      0.000     0.000 r  
    R3                                                0.000     0.000 r  sys_clk_p (IN)
                         net (fo=0)                   0.000     0.000    sys_clk_p
    R3                   IBUFDS (Prop_ibufds_I_O)     0.807     0.807 r  IBUFDS_inst/O
                         net (fo=1, estimated)        1.598     2.405    sys_clk
    BUFGCTRL_X0Y0        BUFG (Prop_bufg_I_O)         0.077     2.482 r  sys_clk_BUFG_inst/O
                         net (fo=4400, estimated)     1.292     3.774    cnt_fifo/U0/inst_fifo_gen/gconvfifo.rf/grf.rf/gntv_or_sync_fifo.mem/gbm.gbmg.gbmga.ngecc.bmg/inst_blk_mem_gen/gnbram.gnativebmg.native_blk_mem_gen/valid.cstr/ramloop[2].ram.r/prim_noinit.ram/CLKA
    RAMB36_X4Y26         RAMB36E1                                     r  cnt_fifo/U0/inst_fifo_gen/gconvfifo.rf/grf.rf/gntv_or_sync_fifo.mem/gbm.gbmg.gbmga.ngecc.bmg/inst_blk_mem_gen/gnbram.gnativebmg.native_blk_mem_gen/valid.cstr/ramloop[2].ram.r/prim_noinit.ram/DEVICE_7SERIES.NO_BMM_INFO.SDP.SIMPLE_PRIM36.ram/CLKARDCLK
                         clock pessimism             -0.202     3.572    
    RAMB36_X4Y26         RAMB36E1 (Hold_ramb36e1_CLKARDCLK_DIADI[1])
                                                      0.593     4.165    cnt_fifo/U0/inst_fifo_gen/gconvfifo.rf/grf.rf/gntv_or_sync_fifo.mem/gbm.gbmg.gbmga.ngecc.bmg/inst_blk_mem_gen/gnbram.gnativebmg.native_blk_mem_gen/valid.cstr/ramloop[2].ram.r/prim_noinit.ram/DEVICE_7SERIES.NO_BMM_INFO.SDP.SIMPLE_PRIM36.ram
  -------------------------------------------------------------------
                         required time                         -4.165    
                         arrival time                           4.011    
  -------------------------------------------------------------------
                         slack                                 -0.154    





Pulse Width Checks
--------------------------------------------------------------------------------------
Clock Name:         sys_clk_p
Waveform(ns):       { 0.000 2.500 }
Period(ns):         5.000
Sources:            { sys_clk_p }

Check Type        Corner  Lib Pin             Reference Pin  Required(ns)  Actual(ns)  Slack(ns)  Location       Pin
Min Period        n/a     RAMB36E1/CLKARDCLK  n/a            1.962         5.000       3.038      RAMB36_X5Y24   cnt_fifo/U0/inst_fifo_gen/gconvfifo.rf/grf.rf/gntv_or_sync_fifo.mem/gbm.gbmg.gbmga.ngecc.bmg/inst_blk_mem_gen/gnbram.gnativebmg.native_blk_mem_gen/valid.cstr/ramloop[0].ram.r/prim_noinit.ram/DEVICE_7SERIES.NO_BMM_INFO.SDP.SIMPLE_PRIM36.ram/CLKARDCLK
Low Pulse Width   Slow    SRL16E/CLK          n/a            0.770         2.500       1.730      SLICE_X98Y121  pipeline_counts/pipeline[2].pipe_gen_reg[1600]_srl3___pipeline_r_4/CLK
High Pulse Width  Slow    SRL16E/CLK          n/a            0.770         2.500       1.730      SLICE_X98Y121  pipeline_counts/pipeline[2].pipe_gen_reg[1600]_srl3___pipeline_r_4/CLK



