Copyright 1986-2021 Xilinx, Inc. All Rights Reserved.
---------------------------------------------------------------------------------------------------------------------------------------------------------------------------------------
| Tool Version : Vivado v.2021.1 (lin64) Build 3247384 Thu Jun 10 19:36:07 MDT 2021
| Date         : Tue Dec 20 11:35:42 2022
| Host         : caslab-wkst2 running 64-bit Ubuntu 18.04.6 LTS
| Command      : report_clock_utilization -file /home/anthony/Documents/fpga-phantom-circuits/src/covert_ro_receiver/scripts/binaries/xc7a200tfbg676/reports/post_place_clock_util.rpt
| Design       : covert_receiver_top
| Device       : 7a200t-fbg676
| Speed File   : -3  PRODUCTION 1.23 2018-06-13
| Design State : Fully Placed
---------------------------------------------------------------------------------------------------------------------------------------------------------------------------------------

Clock Utilization Report

Table of Contents
-----------------
1. Clock Primitive Utilization
2. Global Clock Resources
3. Global Clock Source Details
4. Local Clock Details
5. Clock Regions: Key Resource Utilization
6. Clock Regions : Global Clock Summary
7. Device Cell Placement Summary for Global Clock g0
8. Clock Region Cell Placement per Global Clock: Region X0Y2
9. Clock Region Cell Placement per Global Clock: Region X1Y2

1. Clock Primitive Utilization
------------------------------

+----------+------+-----------+-----+--------------+--------+
| Type     | Used | Available | LOC | Clock Region | Pblock |
+----------+------+-----------+-----+--------------+--------+
| BUFGCTRL |    1 |        32 |   0 |            0 |      0 |
| BUFH     |    0 |       120 |   0 |            0 |      0 |
| BUFIO    |    0 |        40 |   0 |            0 |      0 |
| BUFMR    |    0 |        20 |   0 |            0 |      0 |
| BUFR     |    0 |        40 |   0 |            0 |      0 |
| MMCM     |    0 |        10 |   0 |            0 |      0 |
| PLL      |    0 |        10 |   0 |            0 |      0 |
+----------+------+-----------+-----+--------------+--------+


2. Global Clock Resources
-------------------------

+-----------+-----------+-----------------+------------+---------------+--------------+-------------------+-------------+-----------------+--------------+-----------+---------------------+--------------+
| Global Id | Source Id | Driver Type/Pin | Constraint | Site          | Clock Region | Load Clock Region | Clock Loads | Non-Clock Loads | Clock Period | Clock     | Driver Pin          | Net          |
+-----------+-----------+-----------------+------------+---------------+--------------+-------------------+-------------+-----------------+--------------+-----------+---------------------+--------------+
| g0        | src0      | BUFG/O          | None       | BUFGCTRL_X0Y0 | n/a          |                 2 |        4400 |               0 |        5.000 | sys_clk_p | sys_clk_BUFG_inst/O | sys_clk_BUFG |
+-----------+-----------+-----------------+------------+---------------+--------------+-------------------+-------------+-----------------+--------------+-----------+---------------------+--------------+
* Clock Loads column represents the clock pin loads (pin count)
** Non-Clock Loads column represents the non-clock pin loads (pin count)


3. Global Clock Source Details
------------------------------

+-----------+-----------+-----------------+------------+------------+--------------+-------------+-----------------+---------------------+--------------+---------------+---------+
| Source Id | Global Id | Driver Type/Pin | Constraint | Site       | Clock Region | Clock Loads | Non-Clock Loads | Source Clock Period | Source Clock | Driver Pin    | Net     |
+-----------+-----------+-----------------+------------+------------+--------------+-------------+-----------------+---------------------+--------------+---------------+---------+
| src0      | g0        | IBUFDS/O        | IOB_X1Y124 | IOB_X1Y124 | X1Y2         |           1 |               0 |               5.000 | sys_clk_p    | IBUFDS_inst/O | sys_clk |
+-----------+-----------+-----------------+------------+------------+--------------+-------------+-----------------+---------------------+--------------+---------------+---------+
* Clock Loads column represents the clock pin loads (pin count)
** Non-Clock Loads column represents the non-clock pin loads (pin count)
*** In Constraint column, symbol '*' indicates multiple constraint types applied to the clock source. Please check for potential conflicts.


4. Local Clock Details
----------------------

+----------+-----------------+-----------------+----------------------+--------------+-------------+-----------------+--------------+-------+-------------------------------------------------------------------+--------------------------------------------------------+
| Local Id | Driver Type/Pin | Constraint      | Site/BEL             | Clock Region | Clock Loads | Non-Clock Loads | Clock Period | Clock | Driver Pin                                                        | Net                                                    |
+----------+-----------------+-----------------+----------------------+--------------+-------------+-----------------+--------------+-------+-------------------------------------------------------------------+--------------------------------------------------------||
| 0        | LUT1/O          | SLICE_X5Y5*     | SLICE_X5Y5/D6LUT     | X0Y0         |          32 |               1 |              |       | ctrl_gen[0].ctrl_inst/ro_gen[0].cnt_inst/ro/ro_stages[1].ro_buf/O | ctrl_gen[0].ctrl_inst/ro_gen[0].cnt_inst/ro/ro_wire[3] - Static -
| 1        | LUT1/O          | SLICE_X9Y10*    | SLICE_X9Y10/D6LUT    | X0Y0         |          32 |               1 |              |       | ctrl_gen[0].ctrl_inst/ro_gen[1].cnt_inst/ro/ro_stages[1].ro_buf/O | ctrl_gen[0].ctrl_inst/ro_gen[1].cnt_inst/ro/ro_wire[3] - Static -
| 2        | LUT1/O          | SLICE_X13Y15*   | SLICE_X13Y15/D6LUT   | X0Y0         |          32 |               1 |              |       | ctrl_gen[0].ctrl_inst/ro_gen[2].cnt_inst/ro/ro_stages[1].ro_buf/O | ctrl_gen[0].ctrl_inst/ro_gen[2].cnt_inst/ro/ro_wire[3] - Static -
| 3        | LUT1/O          | SLICE_X17Y20*   | SLICE_X17Y20/D6LUT   | X0Y0         |          32 |               1 |              |       | ctrl_gen[0].ctrl_inst/ro_gen[3].cnt_inst/ro/ro_stages[1].ro_buf/O | ctrl_gen[0].ctrl_inst/ro_gen[3].cnt_inst/ro/ro_wire[3] - Static -
| 4        | LUT1/O          | SLICE_X21Y25*   | SLICE_X21Y25/D6LUT   | X0Y0         |          32 |               1 |              |       | ctrl_gen[0].ctrl_inst/ro_gen[4].cnt_inst/ro/ro_stages[1].ro_buf/O | ctrl_gen[0].ctrl_inst/ro_gen[4].cnt_inst/ro/ro_wire[3] - Static -
| 5        | LUT1/O          | SLICE_X120Y5*   | SLICE_X120Y5/D6LUT   | X1Y0         |          32 |               1 |              |       | ctrl_gen[1].ctrl_inst/ro_gen[0].cnt_inst/ro/ro_stages[1].ro_buf/O | ctrl_gen[1].ctrl_inst/ro_gen[0].cnt_inst/ro/ro_wire[3] - Static -
| 6        | LUT1/O          | SLICE_X124Y10*  | SLICE_X124Y10/D6LUT  | X1Y0         |          32 |               1 |              |       | ctrl_gen[1].ctrl_inst/ro_gen[1].cnt_inst/ro/ro_stages[1].ro_buf/O | ctrl_gen[1].ctrl_inst/ro_gen[1].cnt_inst/ro/ro_wire[3] - Static -
| 7        | LUT1/O          | SLICE_X128Y15*  | SLICE_X128Y15/D6LUT  | X1Y0         |          32 |               1 |              |       | ctrl_gen[1].ctrl_inst/ro_gen[2].cnt_inst/ro/ro_stages[1].ro_buf/O | ctrl_gen[1].ctrl_inst/ro_gen[2].cnt_inst/ro/ro_wire[3] - Static -
| 8        | LUT1/O          | SLICE_X132Y20*  | SLICE_X132Y20/D6LUT  | X1Y0         |          32 |               1 |              |       | ctrl_gen[1].ctrl_inst/ro_gen[3].cnt_inst/ro/ro_stages[1].ro_buf/O | ctrl_gen[1].ctrl_inst/ro_gen[3].cnt_inst/ro/ro_wire[3] - Static -
| 9        | LUT1/O          | SLICE_X136Y25*  | SLICE_X136Y25/D6LUT  | X1Y0         |          32 |               1 |              |       | ctrl_gen[1].ctrl_inst/ro_gen[4].cnt_inst/ro/ro_stages[1].ro_buf/O | ctrl_gen[1].ctrl_inst/ro_gen[4].cnt_inst/ro/ro_wire[3] - Static -
| 10       | LUT1/O          | SLICE_X5Y205*   | SLICE_X5Y205/D6LUT   | X0Y4         |          32 |               1 |              |       | ctrl_gen[2].ctrl_inst/ro_gen[0].cnt_inst/ro/ro_stages[1].ro_buf/O | ctrl_gen[2].ctrl_inst/ro_gen[0].cnt_inst/ro/ro_wire[3] - Static -
| 11       | LUT1/O          | SLICE_X9Y210*   | SLICE_X9Y210/D6LUT   | X0Y4         |          32 |               1 |              |       | ctrl_gen[2].ctrl_inst/ro_gen[1].cnt_inst/ro/ro_stages[1].ro_buf/O | ctrl_gen[2].ctrl_inst/ro_gen[1].cnt_inst/ro/ro_wire[3] - Static -
| 12       | LUT1/O          | SLICE_X13Y215*  | SLICE_X13Y215/D6LUT  | X0Y4         |          32 |               1 |              |       | ctrl_gen[2].ctrl_inst/ro_gen[2].cnt_inst/ro/ro_stages[1].ro_buf/O | ctrl_gen[2].ctrl_inst/ro_gen[2].cnt_inst/ro/ro_wire[3] - Static -
| 13       | LUT1/O          | SLICE_X17Y220*  | SLICE_X17Y220/D6LUT  | X0Y4         |          32 |               1 |              |       | ctrl_gen[2].ctrl_inst/ro_gen[3].cnt_inst/ro/ro_stages[1].ro_buf/O | ctrl_gen[2].ctrl_inst/ro_gen[3].cnt_inst/ro/ro_wire[3] - Static -
| 14       | LUT1/O          | SLICE_X21Y225*  | SLICE_X21Y225/D6LUT  | X0Y4         |          32 |               1 |              |       | ctrl_gen[2].ctrl_inst/ro_gen[4].cnt_inst/ro/ro_stages[1].ro_buf/O | ctrl_gen[2].ctrl_inst/ro_gen[4].cnt_inst/ro/ro_wire[3] - Static -
| 15       | LUT1/O          | SLICE_X120Y205* | SLICE_X120Y205/D6LUT | X1Y4         |          32 |               1 |              |       | ctrl_gen[3].ctrl_inst/ro_gen[0].cnt_inst/ro/ro_stages[1].ro_buf/O | ctrl_gen[3].ctrl_inst/ro_gen[0].cnt_inst/ro/ro_wire[3] - Static -
| 16       | LUT1/O          | SLICE_X124Y210* | SLICE_X124Y210/D6LUT | X1Y4         |          32 |               1 |              |       | ctrl_gen[3].ctrl_inst/ro_gen[1].cnt_inst/ro/ro_stages[1].ro_buf/O | ctrl_gen[3].ctrl_inst/ro_gen[1].cnt_inst/ro/ro_wire[3] - Static -
| 17       | LUT1/O          | SLICE_X128Y215* | SLICE_X128Y215/D6LUT | X1Y4         |          32 |               1 |              |       | ctrl_gen[3].ctrl_inst/ro_gen[2].cnt_inst/ro/ro_stages[1].ro_buf/O | ctrl_gen[3].ctrl_inst/ro_gen[2].cnt_inst/ro/ro_wire[3] - Static -
| 18       | LUT1/O          | SLICE_X132Y220* | SLICE_X132Y220/D6LUT | X1Y4         |          32 |               1 |              |       | ctrl_gen[3].ctrl_inst/ro_gen[3].cnt_inst/ro/ro_stages[1].ro_buf/O | ctrl_gen[3].ctrl_inst/ro_gen[3].cnt_inst/ro/ro_wire[3] - Static -
| 19       | LUT1/O          | SLICE_X136Y225* | SLICE_X136Y225/D6LUT | X1Y4         |          32 |               1 |              |       | ctrl_gen[3].ctrl_inst/ro_gen[4].cnt_inst/ro/ro_stages[1].ro_buf/O | ctrl_gen[3].ctrl_inst/ro_gen[4].cnt_inst/ro/ro_wire[3] - Static -
+----------+-----------------+-----------------+----------------------+--------------+-------------+-----------------+--------------+-------+-------------------------------------------------------------------+--------------------------------------------------------||
* Local Clocks in this context represents only clocks driven by non-global buffers
** Clock Loads column represents the clock pin loads (pin count)
*** Non-Clock Loads column represents the non-clock pin loads (pin count)
**** In Constraint column, symbol '*' indicates multiple constraint types applied to the clock driver. Please check for potential conflicts.


5. Clock Regions: Key Resource Utilization
------------------------------------------

+-------------------+--------------+--------------+--------------+--------------+--------------+--------------+--------------+--------------+--------------+--------------+--------------+--------------+--------------+--------------+--------------+
|                   | Global Clock |     BUFRs    |    BUFMRs    |    BUFIOs    |     MMCM     |      PLL     |      GT      |      PCI     |    ILOGIC    |    OLOGIC    |      FF      |     LUTM     |    RAMB18    |    RAMB36    |    DSP48E2   |
+-------------------+------+-------+------+-------+------+-------+------+-------+------+-------+------+-------+------+-------+------+-------+------+-------+------+-------+------+-------+------+-------+------+-------+------+-------+------+-------+
| Clock Region Name | Used | Avail | Used | Avail | Used | Avail | Used | Avail | Used | Avail | Used | Avail | Used | Avail | Used | Avail | Used | Avail | Used | Avail | Used | Avail | Used | Avail | Used | Avail | Used | Avail | Used | Avail |
+-------------------+------+-------+------+-------+------+-------+------+-------+------+-------+------+-------+------+-------+------+-------+------+-------+------+-------+------+-------+------+-------+------+-------+------+-------+------+-------+
| X0Y0              |    0 |    12 |    0 |     4 |    0 |     2 |    0 |     4 |    0 |     1 |    0 |     1 |    0 |     4 |    0 |     0 |    0 |    50 |    0 |    50 |    0 |  2700 |    0 |   800 |    0 |    60 |    0 |    30 |    0 |    60 |
| X1Y0              |    0 |    12 |    0 |     4 |    0 |     2 |    0 |     4 |    0 |     1 |    0 |     1 |    0 |     4 |    0 |     0 |    0 |    50 |    0 |    50 |    0 |  2500 |    5 |   800 |    0 |    40 |    0 |    20 |    0 |    40 |
| X0Y1              |    0 |    12 |    0 |     4 |    0 |     2 |    0 |     4 |    0 |     1 |    0 |     1 |    0 |     0 |    0 |     0 |    0 |    50 |    0 |    50 |    0 |  4200 |    0 |  1400 |    0 |   100 |    0 |    50 |    0 |   100 |
| X1Y1              |    0 |    12 |    0 |     4 |    0 |     2 |    0 |     4 |    0 |     1 |    0 |     1 |    0 |     0 |    0 |     0 |    0 |    50 |    0 |    50 |    0 |  4000 |    0 |  1400 |    0 |    80 |    0 |    40 |    0 |    80 |
| X0Y2              |    1 |    12 |    0 |     4 |    0 |     2 |    0 |     4 |    0 |     1 |    0 |     1 |    0 |     0 |    0 |     0 |    0 |    50 |    0 |    50 | 3333 |  3600 | 1931 |  1400 |    0 |   100 |    3 |    50 |    0 |   100 |
| X1Y2              |    1 |    12 |    0 |     4 |    0 |     2 |    0 |     4 |    0 |     1 |    0 |     1 |    0 |     0 |    0 |     0 |    0 |    50 |    0 |    50 |  955 |  4000 |  654 |  1400 |    0 |    80 |    1 |    40 |    0 |    80 |
| X0Y3              |    0 |    12 |    0 |     4 |    0 |     2 |    0 |     4 |    0 |     1 |    0 |     1 |    0 |     0 |    0 |     0 |    0 |    50 |    0 |    50 |    0 |  3600 |    0 |  1400 |    0 |   100 |    0 |    50 |    0 |   100 |
| X1Y3              |    0 |    12 |    0 |     4 |    0 |     2 |    0 |     4 |    0 |     1 |    0 |     1 |    0 |     0 |    0 |     0 |    0 |    50 |    0 |    50 |    0 |  4000 |    0 |  1400 |    0 |    80 |    0 |    40 |    0 |    80 |
| X0Y4              |    0 |    12 |    0 |     4 |    0 |     2 |    0 |     4 |    0 |     1 |    0 |     1 |    0 |     4 |    0 |     1 |    0 |    50 |    0 |    50 |    0 |  2550 |    0 |   750 |    0 |    50 |    0 |    25 |    0 |    60 |
| X1Y4              |    0 |    12 |    0 |     4 |    0 |     2 |    0 |     4 |    0 |     1 |    0 |     1 |    0 |     4 |    0 |     0 |    0 |    50 |    0 |    50 |    0 |  2500 |    5 |   800 |    0 |    40 |    0 |    20 |    0 |    40 |
+-------------------+------+-------+------+-------+------+-------+------+-------+------+-------+------+-------+------+-------+------+-------+------+-------+------+-------+------+-------+------+-------+------+-------+------+-------+------+-------+
* Global Clock column represents track count; while other columns represents cell counts


6. Clock Regions : Global Clock Summary
---------------------------------------

All Modules
+----+----+----+
|    | X0 | X1 |
+----+----+----+
| Y4 |  0 |  0 |
| Y3 |  0 |  0 |
| Y2 |  1 |  1 |
| Y1 |  0 |  0 |
| Y0 |  0 |  0 |
+----+----+----+


7. Device Cell Placement Summary for Global Clock g0
----------------------------------------------------

+-----------+-----------------+-------------------+-----------+-------------+---------------+-------------+----------+----------------+----------+--------------+
| Global Id | Driver Type/Pin | Driver Region (D) | Clock     | Period (ns) | Waveform (ns) | Slice Loads | IO Loads | Clocking Loads | GT Loads | Net          |
+-----------+-----------------+-------------------+-----------+-------------+---------------+-------------+----------+----------------+----------+--------------+
| g0        | BUFG/O          | n/a               | sys_clk_p |       5.000 | {0.000 2.500} |        4396 |        0 |              0 |        0 | sys_clk_BUFG |
+-----------+-----------------+-------------------+-----------+-------------+---------------+-------------+----------+----------------+----------+--------------+
* Slice Loads column represents load cell count of all cell types other than IO, GT and clock resources
** IO Loads column represents load cell count of IO types
*** Clocking Loads column represents load cell count that are clock resources (global clock buffer, MMCM, PLL, etc)
**** GT Loads column represents load cell count of GT types


+----+-------+-------+-----------------------+
|    | X0    | X1    | HORIZONTAL PROG DELAY |
+----+-------+-------+-----------------------+
| Y4 |     0 |     0 |                     0 |
| Y3 |     0 |     0 |                     0 |
| Y2 |  3379 |  1017 |                     0 |
| Y1 |     0 |     0 |                     0 |
| Y0 |     0 |     0 |                     0 |
+----+-------+-------+-----------------------+


8. Clock Region Cell Placement per Global Clock: Region X0Y2
------------------------------------------------------------

+-----------+-------+-----------------+------------+-------------+-----------------+------+--------+------+-----+----+------+-----+---------+--------------+
| Global Id | Track | Driver Type/Pin | Constraint | Clock Loads | Non-Clock Loads | FF   | LUTRAM | RAMB | DSP | GT | MMCM | PLL | Hard IP | Net          |
+-----------+-------+-----------------+------------+-------------+-----------------+------+--------+------+-----+----+------+-----+---------+--------------+
| g0        | n/a   | BUFG/O          | None       |        3379 |               0 | 2789 |    587 |    3 |   0 |  0 |    0 |   0 |       0 | sys_clk_BUFG |
+-----------+-------+-----------------+------------+-------------+-----------------+------+--------+------+-----+----+------+-----+---------+--------------+
* Clock Loads column represents the clock pin loads (pin count)
** Non-Clock Loads column represents the non-clock pin loads (pin count)
*** Columns FF, LUTRAM, RAMB through 'Hard IP' represents load cell counts


9. Clock Region Cell Placement per Global Clock: Region X1Y2
------------------------------------------------------------

+-----------+-------+-----------------+------------+-------------+-----------------+-----+--------+------+-----+----+------+-----+---------+--------------+
| Global Id | Track | Driver Type/Pin | Constraint | Clock Loads | Non-Clock Loads | FF  | LUTRAM | RAMB | DSP | GT | MMCM | PLL | Hard IP | Net          |
+-----------+-------+-----------------+------------+-------------+-----------------+-----+--------+------+-----+----+------+-----+---------+--------------+
| g0        | n/a   | BUFG/O          | None       |        1017 |               0 | 859 |    157 |    1 |   0 |  0 |    0 |   0 |       0 | sys_clk_BUFG |
+-----------+-------+-----------------+------------+-------------+-----------------+-----+--------+------+-----+----+------+-----+---------+--------------+
* Clock Loads column represents the clock pin loads (pin count)
** Non-Clock Loads column represents the non-clock pin loads (pin count)
*** Columns FF, LUTRAM, RAMB through 'Hard IP' represents load cell counts



# Location of BUFG Primitives 
set_property LOC BUFGCTRL_X0Y0 [get_cells sys_clk_BUFG_inst]

# Location of IO Primitives which is load of clock spine

# Location of clock ports
set_property LOC IOB_X1Y123 [get_ports sys_clk_n]
set_property LOC IOB_X1Y124 [get_ports sys_clk_p]

# Clock net "sys_clk_BUFG" driven by instance "sys_clk_BUFG_inst" located at site "BUFGCTRL_X0Y0"
#startgroup
create_pblock {CLKAG_sys_clk_BUFG}
add_cells_to_pblock [get_pblocks  {CLKAG_sys_clk_BUFG}] [get_cells -filter { PRIMITIVE_GROUP != I/O && IS_PRIMITIVE==1 && PRIMITIVE_LEVEL !=INTERNAL } -of_object [get_pins -filter {DIRECTION==IN} -of_objects [get_nets -hierarchical -filter {PARENT=="sys_clk_BUFG"}]]]
resize_pblock [get_pblocks {CLKAG_sys_clk_BUFG}] -add {CLOCKREGION_X0Y0:CLOCKREGION_X0Y0 CLOCKREGION_X0Y1:CLOCKREGION_X0Y1 CLOCKREGION_X0Y2:CLOCKREGION_X0Y2 CLOCKREGION_X0Y3:CLOCKREGION_X0Y3 CLOCKREGION_X0Y4:CLOCKREGION_X0Y4 CLOCKREGION_X1Y0:CLOCKREGION_X1Y0 CLOCKREGION_X1Y1:CLOCKREGION_X1Y1 CLOCKREGION_X1Y2:CLOCKREGION_X1Y2 CLOCKREGION_X1Y3:CLOCKREGION_X1Y3 CLOCKREGION_X1Y4:CLOCKREGION_X1Y4}
#endgroup
