Copyright 1986-2021 Xilinx, Inc. All Rights Reserved.
--------------------------------------------------------------------------------------------------------------------------------------------------------------------------------------
| Tool Version : Vivado v.2021.1 (lin64) Build 3247384 Thu Jun 10 19:36:07 MDT 2021
| Date         : Tue Dec 20 11:35:00 2022
| Host         : caslab-wkst2 running 64-bit Ubuntu 18.04.6 LTS
| Command      : report_timing_summary -file /home/anthony/Documents/fpga-phantom-circuits/src/covert_ro_receiver/scripts/binaries/xc7a200tfbg676/reports/post_opt_timing_summary.rpt
| Design       : covert_receiver_top
| Device       : 7a200t-fbg676
| Speed File   : -3  PRODUCTION 1.23 2018-06-13
--------------------------------------------------------------------------------------------------------------------------------------------------------------------------------------

Timing Summary Report

------------------------------------------------------------------------------------------------
| Timer Settings
| --------------
------------------------------------------------------------------------------------------------

  Enable Multi Corner Analysis               :  Yes
  Enable Pessimism Removal                   :  Yes
  Pessimism Removal Resolution               :  Nearest Common Node
  Enable Input Delay Default Clock           :  No
  Enable Preset / Clear Arcs                 :  No
  Disable Flight Delays                      :  No
  Ignore I/O Paths                           :  No
  Timing Early Launch at Borrowing Latches   :  No
  Borrow Time for Max Delay Exceptions       :  Yes
  Merge Timing Exceptions                    :  Yes

  Corner  Analyze    Analyze    
  Name    Max Paths  Min Paths  
  ------  ---------  ---------  
  Slow    Yes        Yes        
  Fast    Yes        Yes        


------------------------------------------------------------------------------------------------
| Report Methodology
| ------------------
------------------------------------------------------------------------------------------------

No report available as report_methodology has not been run prior. Run report_methodology on the current design for the summary of methodology violations.



check_timing report

Table of Contents
-----------------
1. checking no_clock (640)
2. checking constant_clock (0)
3. checking pulse_width_clock (0)
4. checking unconstrained_internal_endpoints (1280)
5. checking no_input_delay (2)
6. checking no_output_delay (1)
7. checking multiple_clock (0)
8. checking generated_clocks (0)
9. checking loops (2520)
10. checking partial_input_delay (0)
11. checking partial_output_delay (0)
12. checking latch_loops (0)

1. checking no_clock (640)
--------------------------
 There are 160 register/latch pins with no clock driven by root clock pin: ctrl_gen[0].ctrl_inst/enabled_reg/Q (HIGH)

 There are 160 register/latch pins with no clock driven by root clock pin: ctrl_gen[1].ctrl_inst/enabled_reg/Q (HIGH)

 There are 160 register/latch pins with no clock driven by root clock pin: ctrl_gen[2].ctrl_inst/enabled_reg/Q (HIGH)

 There are 160 register/latch pins with no clock driven by root clock pin: ctrl_gen[3].ctrl_inst/enabled_reg/Q (HIGH)


2. checking constant_clock (0)
------------------------------
 There are 0 register/latch pins with constant_clock.


3. checking pulse_width_clock (0)
---------------------------------
 There are 0 register/latch pins which need pulse_width check


4. checking unconstrained_internal_endpoints (1280)
---------------------------------------------------
 There are 1280 pins that are not constrained for maximum delay. (HIGH)

 There are 0 pins that are not constrained for maximum delay due to constant clock.


5. checking no_input_delay (2)
------------------------------
 There are 2 input ports with no input delay specified. (HIGH)

 There are 0 input ports with no input delay but user has a false path constraint.


6. checking no_output_delay (1)
-------------------------------
 There is 1 port with no output delay specified. (HIGH)

 There are 0 ports with no output delay but user has a false path constraint

 There are 0 ports with no output delay but with a timing clock defined on it or propagating through it


7. checking multiple_clock (0)
------------------------------
 There are 0 register/latch pins with multiple clocks.


8. checking generated_clocks (0)
--------------------------------
 There are 0 generated clocks that are not connected to a clock source.


9. checking loops (2520)
------------------------
 There are 2520 combinational loops in the design. (HIGH)


10. checking partial_input_delay (0)
------------------------------------
 There are 0 input ports with partial input delay specified.


11. checking partial_output_delay (0)
-------------------------------------
 There are 0 ports with partial output delay specified.


12. checking latch_loops (0)
----------------------------
 There are 0 combinational latch loops in the design through latch input



------------------------------------------------------------------------------------------------
| Design Timing Summary
| ---------------------
------------------------------------------------------------------------------------------------

    WNS(ns)      TNS(ns)  TNS Failing Endpoints  TNS Total Endpoints      WHS(ns)      THS(ns)  THS Failing Endpoints  THS Total Endpoints     WPWS(ns)     TPWS(ns)  TPWS Failing Endpoints  TPWS Total Endpoints  
    -------      -------  ---------------------  -------------------      -------      -------  ---------------------  -------------------     --------     --------  ----------------------  --------------------  
      1.895        0.000                      0                 5895        0.059        0.000                      0                 5895        1.730        0.000                       0                  4401  


All user specified timing constraints are met.


------------------------------------------------------------------------------------------------
| Clock Summary
| -------------
------------------------------------------------------------------------------------------------

Clock      Waveform(ns)         Period(ns)      Frequency(MHz)
-----      ------------         ----------      --------------
sys_clk_p  {0.000 2.500}        5.000           200.000         


------------------------------------------------------------------------------------------------
| Intra Clock Table
| -----------------
------------------------------------------------------------------------------------------------

Clock             WNS(ns)      TNS(ns)  TNS Failing Endpoints  TNS Total Endpoints      WHS(ns)      THS(ns)  THS Failing Endpoints  THS Total Endpoints     WPWS(ns)     TPWS(ns)  TPWS Failing Endpoints  TPWS Total Endpoints  
-----             -------      -------  ---------------------  -------------------      -------      -------  ---------------------  -------------------     --------     --------  ----------------------  --------------------  
sys_clk_p           1.895        0.000                      0                 5895        0.059        0.000                      0                 5895        1.730        0.000                       0                  4401  


------------------------------------------------------------------------------------------------
| Inter Clock Table
| -----------------
------------------------------------------------------------------------------------------------

From Clock    To Clock          WNS(ns)      TNS(ns)  TNS Failing Endpoints  TNS Total Endpoints      WHS(ns)      THS(ns)  THS Failing Endpoints  THS Total Endpoints  
----------    --------          -------      -------  ---------------------  -------------------      -------      -------  ---------------------  -------------------  


------------------------------------------------------------------------------------------------
| Other Path Groups Table
| -----------------------
------------------------------------------------------------------------------------------------

Path Group    From Clock    To Clock          WNS(ns)      TNS(ns)  TNS Failing Endpoints  TNS Total Endpoints      WHS(ns)      THS(ns)  THS Failing Endpoints  THS Total Endpoints  
----------    ----------    --------          -------      -------  ---------------------  -------------------      -------      -------  ---------------------  -------------------  


------------------------------------------------------------------------------------------------
| Timing Details
| --------------
------------------------------------------------------------------------------------------------


---------------------------------------------------------------------------------------------------
From Clock:  sys_clk_p
  To Clock:  sys_clk_p

Setup :            0  Failing Endpoints,  Worst Slack        1.895ns,  Total Violation        0.000ns
Hold  :            0  Failing Endpoints,  Worst Slack        0.059ns,  Total Violation        0.000ns
PW    :            0  Failing Endpoints,  Worst Slack        1.730ns,  Total Violation        0.000ns
---------------------------------------------------------------------------------------------------


Max Delay Paths
--------------------------------------------------------------------------------------
Slack (MET) :             1.895ns  (required time - arrival time)
  Source:                 ctrl_gen[0].ctrl_inst/clk_counter_reg[4]/C
                            (rising edge-triggered cell FDRE clocked by sys_clk_p  {rise@0.000ns fall@2.500ns period=5.000ns})
  Destination:            ctrl_gen[0].ctrl_inst/clk_counter_reg[28]/D
                            (rising edge-triggered cell FDRE clocked by sys_clk_p  {rise@0.000ns fall@2.500ns period=5.000ns})
  Path Group:             sys_clk_p
  Path Type:              Setup (Max at Slow Process Corner)
  Requirement:            5.000ns  (sys_clk_p rise@5.000ns - sys_clk_p rise@0.000ns)
  Data Path Delay:        2.955ns  (logic 1.755ns (59.391%)  route 1.200ns (40.609%))
  Logic Levels:           8  (CARRY4=7 LUT5=1)
  Clock Path Skew:        -0.145ns (DCD - SCD + CPR)
    Destination Clock Delay (DCD):    1.821ns = ( 6.821 - 5.000 ) 
    Source Clock Delay      (SCD):    2.040ns
    Clock Pessimism Removal (CPR):    0.074ns
  Clock Uncertainty:      0.035ns  ((TSJ^2 + TIJ^2)^1/2 + DJ) / 2 + PE
    Total System Jitter     (TSJ):    0.071ns
    Total Input Jitter      (TIJ):    0.000ns
    Discrete Jitter          (DJ):    0.000ns
    Phase Error              (PE):    0.000ns

    Location             Delay type                Incr(ns)  Path(ns)    Netlist Resource(s)
  -------------------------------------------------------------------    -------------------
                         (clock sys_clk_p rise edge)
                                                      0.000     0.000 r  
    R3                                                0.000     0.000 r  sys_clk_p (IN)
                         net (fo=0)                   0.000     0.000    sys_clk_p
    R3                   IBUFDS (Prop_ibufds_I_O)     0.807     0.807 r  IBUFDS_inst/O
                         net (fo=1, unplaced)         0.571     1.379    sys_clk
                         BUFG (Prop_bufg_I_O)         0.077     1.456 r  sys_clk_BUFG_inst/O
                         net (fo=4400, unplaced)      0.584     2.040    ctrl_gen[0].ctrl_inst/clk
                         FDRE                                         r  ctrl_gen[0].ctrl_inst/clk_counter_reg[4]/C
  -------------------------------------------------------------------    -------------------
                         FDRE (Prop_fdre_C_Q)         0.341     2.381 r  ctrl_gen[0].ctrl_inst/clk_counter_reg[4]/Q
                         net (fo=2, unplaced)         0.736     3.117    ctrl_gen[0].ctrl_inst/clk_counter_reg_n_0_[4]
                         CARRY4 (Prop_carry4_S[3]_CO[3])
                                                      0.499     3.616 r  ctrl_gen[0].ctrl_inst/clk_counter_reg[4]_i_2/CO[3]
                         net (fo=1, unplaced)         0.007     3.623    ctrl_gen[0].ctrl_inst/clk_counter_reg[4]_i_2_n_0
                         CARRY4 (Prop_carry4_CI_CO[3])
                                                      0.089     3.712 r  ctrl_gen[0].ctrl_inst/clk_counter_reg[8]_i_2/CO[3]
                         net (fo=1, unplaced)         0.000     3.712    ctrl_gen[0].ctrl_inst/clk_counter_reg[8]_i_2_n_0
                         CARRY4 (Prop_carry4_CI_CO[3])
                                                      0.089     3.801 r  ctrl_gen[0].ctrl_inst/clk_counter_reg[12]_i_2/CO[3]
                         net (fo=1, unplaced)         0.000     3.801    ctrl_gen[0].ctrl_inst/clk_counter_reg[12]_i_2_n_0
                         CARRY4 (Prop_carry4_CI_CO[3])
                                                      0.089     3.890 r  ctrl_gen[0].ctrl_inst/clk_counter_reg[16]_i_2/CO[3]
                         net (fo=1, unplaced)         0.000     3.890    ctrl_gen[0].ctrl_inst/clk_counter_reg[16]_i_2_n_0
                         CARRY4 (Prop_carry4_CI_CO[3])
                                                      0.089     3.979 r  ctrl_gen[0].ctrl_inst/clk_counter_reg[20]_i_2/CO[3]
                         net (fo=1, unplaced)         0.000     3.979    ctrl_gen[0].ctrl_inst/clk_counter_reg[20]_i_2_n_0
                         CARRY4 (Prop_carry4_CI_CO[3])
                                                      0.089     4.068 r  ctrl_gen[0].ctrl_inst/clk_counter_reg[24]_i_2/CO[3]
                         net (fo=1, unplaced)         0.000     4.068    ctrl_gen[0].ctrl_inst/clk_counter_reg[24]_i_2_n_0
                         CARRY4 (Prop_carry4_CI_O[3])
                                                      0.248     4.316 r  ctrl_gen[0].ctrl_inst/clk_counter_reg[28]_i_2/O[3]
                         net (fo=1, unplaced)         0.457     4.773    ctrl_gen[0].ctrl_inst/clk_counter_reg[28]_i_2_n_4
                         LUT5 (Prop_lut5_I0_O)        0.222     4.995 r  ctrl_gen[0].ctrl_inst/clk_counter[28]_i_1/O
                         net (fo=1, unplaced)         0.000     4.995    ctrl_gen[0].ctrl_inst/clk_counter[28]
                         FDRE                                         r  ctrl_gen[0].ctrl_inst/clk_counter_reg[28]/D
  -------------------------------------------------------------------    -------------------

                         (clock sys_clk_p rise edge)
                                                      5.000     5.000 r  
    R3                                                0.000     5.000 r  sys_clk_p (IN)
                         net (fo=0)                   0.000     5.000    sys_clk_p
    R3                   IBUFDS (Prop_ibufds_I_O)     0.766     5.766 r  IBUFDS_inst/O
                         net (fo=1, unplaced)         0.543     6.309    sys_clk
                         BUFG (Prop_bufg_I_O)         0.073     6.382 r  sys_clk_BUFG_inst/O
                         net (fo=4400, unplaced)      0.439     6.821    ctrl_gen[0].ctrl_inst/clk
                         FDRE                                         r  ctrl_gen[0].ctrl_inst/clk_counter_reg[28]/C
                         clock pessimism              0.074     6.895    
                         clock uncertainty           -0.035     6.859    
                         FDRE (Setup_fdre_C_D)        0.030     6.889    ctrl_gen[0].ctrl_inst/clk_counter_reg[28]
  -------------------------------------------------------------------
                         required time                          6.889    
                         arrival time                          -4.995    
  -------------------------------------------------------------------
                         slack                                  1.895    





Min Delay Paths
--------------------------------------------------------------------------------------
Slack (MET) :             0.059ns  (arrival time - required time)
  Source:                 ctrl_gen[0].ctrl_inst/ro_counts_reg[0]/C
                            (rising edge-triggered cell FDRE clocked by sys_clk_p  {rise@0.000ns fall@2.500ns period=5.000ns})
  Destination:            pipeline_counts/pipeline[2].pipe_gen_reg[1600]_srl3___pipeline_r_4/D
                            (rising edge-triggered cell SRL16E clocked by sys_clk_p  {rise@0.000ns fall@2.500ns period=5.000ns})
  Path Group:             sys_clk_p
  Path Type:              Hold (Min at Fast Process Corner)
  Requirement:            0.000ns  (sys_clk_p rise@0.000ns - sys_clk_p rise@0.000ns)
  Data Path Delay:        0.268ns  (logic 0.141ns (52.576%)  route 0.127ns (47.424%))
  Logic Levels:           0  
  Clock Path Skew:        0.145ns (DCD - SCD - CPR)
    Destination Clock Delay (DCD):    1.061ns
    Source Clock Delay      (SCD):    0.860ns
    Clock Pessimism Removal (CPR):    0.055ns

    Location             Delay type                Incr(ns)  Path(ns)    Netlist Resource(s)
  -------------------------------------------------------------------    -------------------
                         (clock sys_clk_p rise edge)
                                                      0.000     0.000 r  
    R3                                                0.000     0.000 r  sys_clk_p (IN)
                         net (fo=0)                   0.000     0.000    sys_clk_p
    R3                   IBUFDS (Prop_ibufds_I_O)     0.386     0.386 r  IBUFDS_inst/O
                         net (fo=1, unplaced)         0.333     0.719    sys_clk
                         BUFG (Prop_bufg_I_O)         0.027     0.746 r  sys_clk_BUFG_inst/O
                         net (fo=4400, unplaced)      0.114     0.860    ctrl_gen[0].ctrl_inst/clk
                         FDRE                                         r  ctrl_gen[0].ctrl_inst/ro_counts_reg[0]/C
  -------------------------------------------------------------------    -------------------
                         FDRE (Prop_fdre_C_Q)         0.141     1.001 r  ctrl_gen[0].ctrl_inst/ro_counts_reg[0]/Q
                         net (fo=1, unplaced)         0.127     1.129    pipeline_counts/pipe_in[0]
                         SRL16E                                       r  pipeline_counts/pipeline[2].pipe_gen_reg[1600]_srl3___pipeline_r_4/D
  -------------------------------------------------------------------    -------------------

                         (clock sys_clk_p rise edge)
                                                      0.000     0.000 r  
    R3                                                0.000     0.000 r  sys_clk_p (IN)
                         net (fo=0)                   0.000     0.000    sys_clk_p
    R3                   IBUFDS (Prop_ibufds_I_O)     0.421     0.421 r  IBUFDS_inst/O
                         net (fo=1, unplaced)         0.351     0.772    sys_clk
                         BUFG (Prop_bufg_I_O)         0.030     0.802 r  sys_clk_BUFG_inst/O
                         net (fo=4400, unplaced)      0.259     1.061    pipeline_counts/clk
                         SRL16E                                       r  pipeline_counts/pipeline[2].pipe_gen_reg[1600]_srl3___pipeline_r_4/CLK
                         clock pessimism             -0.055     1.005    
                         SRL16E (Hold_srl16e_CLK_D)
                                                      0.064     1.069    pipeline_counts/pipeline[2].pipe_gen_reg[1600]_srl3___pipeline_r_4
  -------------------------------------------------------------------
                         required time                         -1.069    
                         arrival time                           1.129    
  -------------------------------------------------------------------
                         slack                                  0.059    





Pulse Width Checks
--------------------------------------------------------------------------------------
Clock Name:         sys_clk_p
Waveform(ns):       { 0.000 2.500 }
Period(ns):         5.000
Sources:            { sys_clk_p }

Check Type        Corner  Lib Pin             Reference Pin  Required(ns)  Actual(ns)  Slack(ns)  Location  Pin
Min Period        n/a     RAMB36E1/CLKARDCLK  n/a            1.962         5.000       3.038                cnt_fifo/U0/inst_fifo_gen/gconvfifo.rf/grf.rf/gntv_or_sync_fifo.mem/gbm.gbmg.gbmga.ngecc.bmg/inst_blk_mem_gen/gnbram.gnativebmg.native_blk_mem_gen/valid.cstr/ramloop[0].ram.r/prim_noinit.ram/DEVICE_7SERIES.NO_BMM_INFO.SDP.SIMPLE_PRIM36.ram/CLKARDCLK
Low Pulse Width   Slow    SRL16E/CLK          n/a            0.770         2.500       1.730                pipeline_counts/pipeline[2].pipe_gen_reg[1600]_srl3___pipeline_r_4/CLK
High Pulse Width  Slow    SRL16E/CLK          n/a            0.770         2.500       1.730                pipeline_counts/pipeline[2].pipe_gen_reg[1600]_srl3___pipeline_r_4/CLK



