Copyright 1986-2021 Xilinx, Inc. All Rights Reserved.
----------------------------------------------------------------------------------------------------------------------------------------------------------------------------------------
| Tool Version : Vivado v.2021.1 (lin64) Build 3247384 Thu Jun 10 19:36:07 MDT 2021
| Date         : Tue Dec 20 11:06:35 2022
| Host         : caslab-wkst2 running 64-bit Ubuntu 18.04.6 LTS
| Command      : report_timing_summary -file /home/anthony/Documents/fpga-phantom-circuits/src/covert_ro_receiver/scripts/binaries/xc7k325tffg900/reports/post_route_timing_summary.rpt
| Design       : covert_receiver_top
| Device       : 7k325t-ffg900
| Speed File   : -3  PRODUCTION 1.12 2017-02-17
----------------------------------------------------------------------------------------------------------------------------------------------------------------------------------------

Timing Summary Report

------------------------------------------------------------------------------------------------
| Timer Settings
| --------------
------------------------------------------------------------------------------------------------

  Enable Multi Corner Analysis               :  Yes
  Enable Pessimism Removal                   :  Yes
  Pessimism Removal Resolution               :  Nearest Common Node
  Enable Input Delay Default Clock           :  No
  Enable Preset / Clear Arcs                 :  No
  Disable Flight Delays                      :  No
  Ignore I/O Paths                           :  No
  Timing Early Launch at Borrowing Latches   :  No
  Borrow Time for Max Delay Exceptions       :  Yes
  Merge Timing Exceptions                    :  Yes

  Corner  Analyze    Analyze    
  Name    Max Paths  Min Paths  
  ------  ---------  ---------  
  Slow    Yes        Yes        
  Fast    Yes        Yes        


------------------------------------------------------------------------------------------------
| Report Methodology
| ------------------
------------------------------------------------------------------------------------------------

No report available as report_methodology has not been run prior. Run report_methodology on the current design for the summary of methodology violations.



check_timing report

Table of Contents
-----------------
1. checking no_clock (640)
2. checking constant_clock (0)
3. checking pulse_width_clock (0)
4. checking unconstrained_internal_endpoints (1280)
5. checking no_input_delay (2)
6. checking no_output_delay (1)
7. checking multiple_clock (0)
8. checking generated_clocks (0)
9. checking loops (2520)
10. checking partial_input_delay (0)
11. checking partial_output_delay (0)
12. checking latch_loops (0)

1. checking no_clock (640)
--------------------------
 There are 160 register/latch pins with no clock driven by root clock pin: ctrl_gen[0].ctrl_inst/enabled_reg/Q (HIGH)

 There are 160 register/latch pins with no clock driven by root clock pin: ctrl_gen[1].ctrl_inst/enabled_reg/Q (HIGH)

 There are 160 register/latch pins with no clock driven by root clock pin: ctrl_gen[2].ctrl_inst/enabled_reg/Q (HIGH)

 There are 160 register/latch pins with no clock driven by root clock pin: ctrl_gen[3].ctrl_inst/enabled_reg/Q (HIGH)


2. checking constant_clock (0)
------------------------------
 There are 0 register/latch pins with constant_clock.


3. checking pulse_width_clock (0)
---------------------------------
 There are 0 register/latch pins which need pulse_width check


4. checking unconstrained_internal_endpoints (1280)
---------------------------------------------------
 There are 1280 pins that are not constrained for maximum delay. (HIGH)

 There are 0 pins that are not constrained for maximum delay due to constant clock.


5. checking no_input_delay (2)
------------------------------
 There are 2 input ports with no input delay specified. (HIGH)

 There are 0 input ports with no input delay but user has a false path constraint.


6. checking no_output_delay (1)
-------------------------------
 There is 1 port with no output delay specified. (HIGH)

 There are 0 ports with no output delay but user has a false path constraint

 There are 0 ports with no output delay but with a timing clock defined on it or propagating through it


7. checking multiple_clock (0)
------------------------------
 There are 0 register/latch pins with multiple clocks.


8. checking generated_clocks (0)
--------------------------------
 There are 0 generated clocks that are not connected to a clock source.


9. checking loops (2520)
------------------------
 There are 2520 combinational loops in the design. (HIGH)


10. checking partial_input_delay (0)
------------------------------------
 There are 0 input ports with partial input delay specified.


11. checking partial_output_delay (0)
-------------------------------------
 There are 0 ports with partial output delay specified.


12. checking latch_loops (0)
----------------------------
 There are 0 combinational latch loops in the design through latch input



------------------------------------------------------------------------------------------------
| Design Timing Summary
| ---------------------
------------------------------------------------------------------------------------------------

    WNS(ns)      TNS(ns)  TNS Failing Endpoints  TNS Total Endpoints      WHS(ns)      THS(ns)  THS Failing Endpoints  THS Total Endpoints     WPWS(ns)     TPWS(ns)  TPWS Failing Endpoints  TPWS Total Endpoints  
    -------      -------  ---------------------  -------------------      -------      -------  ---------------------  -------------------     --------     --------  ----------------------  --------------------  
      0.832        0.000                      0                 6043        0.037        0.000                      0                 6043        1.950        0.000                       0                  4415  


All user specified timing constraints are met.


------------------------------------------------------------------------------------------------
| Clock Summary
| -------------
------------------------------------------------------------------------------------------------

Clock      Waveform(ns)         Period(ns)      Frequency(MHz)
-----      ------------         ----------      --------------
sys_clk_p  {0.000 2.500}        5.000           200.000         


------------------------------------------------------------------------------------------------
| Intra Clock Table
| -----------------
------------------------------------------------------------------------------------------------

Clock             WNS(ns)      TNS(ns)  TNS Failing Endpoints  TNS Total Endpoints      WHS(ns)      THS(ns)  THS Failing Endpoints  THS Total Endpoints     WPWS(ns)     TPWS(ns)  TPWS Failing Endpoints  TPWS Total Endpoints  
-----             -------      -------  ---------------------  -------------------      -------      -------  ---------------------  -------------------     --------     --------  ----------------------  --------------------  
sys_clk_p           0.832        0.000                      0                 6043        0.037        0.000                      0                 6043        1.950        0.000                       0                  4415  


------------------------------------------------------------------------------------------------
| Inter Clock Table
| -----------------
------------------------------------------------------------------------------------------------

From Clock    To Clock          WNS(ns)      TNS(ns)  TNS Failing Endpoints  TNS Total Endpoints      WHS(ns)      THS(ns)  THS Failing Endpoints  THS Total Endpoints  
----------    --------          -------      -------  ---------------------  -------------------      -------      -------  ---------------------  -------------------  


------------------------------------------------------------------------------------------------
| Other Path Groups Table
| -----------------------
------------------------------------------------------------------------------------------------

Path Group    From Clock    To Clock          WNS(ns)      TNS(ns)  TNS Failing Endpoints  TNS Total Endpoints      WHS(ns)      THS(ns)  THS Failing Endpoints  THS Total Endpoints  
----------    ----------    --------          -------      -------  ---------------------  -------------------      -------      -------  ---------------------  -------------------  


------------------------------------------------------------------------------------------------
| Timing Details
| --------------
------------------------------------------------------------------------------------------------


---------------------------------------------------------------------------------------------------
From Clock:  sys_clk_p
  To Clock:  sys_clk_p

Setup :            0  Failing Endpoints,  Worst Slack        0.832ns,  Total Violation        0.000ns
Hold  :            0  Failing Endpoints,  Worst Slack        0.037ns,  Total Violation        0.000ns
PW    :            0  Failing Endpoints,  Worst Slack        1.950ns,  Total Violation        0.000ns
---------------------------------------------------------------------------------------------------


Max Delay Paths
--------------------------------------------------------------------------------------
Slack (MET) :             0.832ns  (required time - arrival time)
  Source:                 pipeline_counts/pipeline_r_5/C
                            (rising edge-triggered cell FDRE clocked by sys_clk_p  {rise@0.000ns fall@2.500ns period=5.000ns})
  Destination:            pipeline_counts/pipe_out_reg[475]/D
                            (rising edge-triggered cell FDRE clocked by sys_clk_p  {rise@0.000ns fall@2.500ns period=5.000ns})
  Path Group:             sys_clk_p
  Path Type:              Setup (Max at Slow Process Corner)
  Requirement:            5.000ns  (sys_clk_p rise@5.000ns - sys_clk_p rise@0.000ns)
  Data Path Delay:        4.107ns  (logic 0.318ns (7.743%)  route 3.789ns (92.257%))
  Logic Levels:           1  (LUT2=1)
  Clock Path Skew:        -0.058ns (DCD - SCD + CPR)
    Destination Clock Delay (DCD):    3.744ns = ( 8.744 - 5.000 ) 
    Source Clock Delay      (SCD):    4.076ns
    Clock Pessimism Removal (CPR):    0.273ns
  Clock Uncertainty:      0.035ns  ((TSJ^2 + TIJ^2)^1/2 + DJ) / 2 + PE
    Total System Jitter     (TSJ):    0.071ns
    Total Input Jitter      (TIJ):    0.000ns
    Discrete Jitter          (DJ):    0.000ns
    Phase Error              (PE):    0.000ns

    Location             Delay type                Incr(ns)  Path(ns)    Netlist Resource(s)
  -------------------------------------------------------------------    -------------------
                         (clock sys_clk_p rise edge)
                                                      0.000     0.000 r  
    AD12                                              0.000     0.000 r  sys_clk_p (IN)
                         net (fo=0)                   0.000     0.000    sys_clk_p
    AD12                 IBUFDS (Prop_ibufds_I_O)     0.800     0.800 r  IBUFDS_inst/O
                         net (fo=1, routed)           2.092     2.892    sys_clk
    BUFGCTRL_X0Y0        BUFG (Prop_bufg_I_O)         0.080     2.972 r  sys_clk_BUFG_inst/O
                         net (fo=4414, routed)        1.104     4.076    pipeline_counts/clk
    SLICE_X57Y161        FDRE                                         r  pipeline_counts/pipeline_r_5/C
  -------------------------------------------------------------------    -------------------
    SLICE_X57Y161        FDRE (Prop_fdre_C_Q)         0.198     4.274 r  pipeline_counts/pipeline_r_5/Q
                         net (fo=740, routed)         3.789     8.062    pipeline_counts/pipeline_r_5_n_0
    SLICE_X76Y175        LUT2 (Prop_lut2_I1_O)        0.120     8.182 r  pipeline_counts/pipeline_gate__293/O
                         net (fo=1, routed)           0.000     8.182    pipeline_counts/pipeline_gate__293_n_0
    SLICE_X76Y175        FDRE                                         r  pipeline_counts/pipe_out_reg[475]/D
  -------------------------------------------------------------------    -------------------

                         (clock sys_clk_p rise edge)
                                                      5.000     5.000 r  
    AD12                                              0.000     5.000 r  sys_clk_p (IN)
                         net (fo=0)                   0.000     5.000    sys_clk_p
    AD12                 IBUFDS (Prop_ibufds_I_O)     0.694     5.694 r  IBUFDS_inst/O
                         net (fo=1, routed)           1.999     7.693    sys_clk
    BUFGCTRL_X0Y0        BUFG (Prop_bufg_I_O)         0.072     7.765 r  sys_clk_BUFG_inst/O
                         net (fo=4414, routed)        0.979     8.744    pipeline_counts/clk
    SLICE_X76Y175        FDRE                                         r  pipeline_counts/pipe_out_reg[475]/C
                         clock pessimism              0.273     9.018    
                         clock uncertainty           -0.035     8.982    
    SLICE_X76Y175        FDRE (Setup_fdre_C_D)        0.032     9.014    pipeline_counts/pipe_out_reg[475]
  -------------------------------------------------------------------
                         required time                          9.014    
                         arrival time                          -8.182    
  -------------------------------------------------------------------
                         slack                                  0.832    





Min Delay Paths
--------------------------------------------------------------------------------------
Slack (MET) :             0.037ns  (arrival time - required time)
  Source:                 pipeline_counts/pipe_out_reg[740]/C
                            (rising edge-triggered cell FDRE clocked by sys_clk_p  {rise@0.000ns fall@2.500ns period=5.000ns})
  Destination:            fifo_counts_in_reg[740]/D
                            (rising edge-triggered cell FDRE clocked by sys_clk_p  {rise@0.000ns fall@2.500ns period=5.000ns})
  Path Group:             sys_clk_p
  Path Type:              Hold (Min at Fast Process Corner)
  Requirement:            0.000ns  (sys_clk_p rise@0.000ns - sys_clk_p rise@0.000ns)
  Data Path Delay:        0.272ns  (logic 0.147ns (53.966%)  route 0.125ns (46.034%))
  Logic Levels:           1  (LUT4=1)
  Clock Path Skew:        0.139ns (DCD - SCD - CPR)
    Destination Clock Delay (DCD):    2.374ns
    Source Clock Delay      (SCD):    2.073ns
    Clock Pessimism Removal (CPR):    0.161ns

    Location             Delay type                Incr(ns)  Path(ns)    Netlist Resource(s)
  -------------------------------------------------------------------    -------------------
                         (clock sys_clk_p rise edge)
                                                      0.000     0.000 r  
    AD12                                              0.000     0.000 r  sys_clk_p (IN)
                         net (fo=0)                   0.000     0.000    sys_clk_p
    AD12                 IBUFDS (Prop_ibufds_I_O)     0.367     0.367 r  IBUFDS_inst/O
                         net (fo=1, routed)           1.083     1.450    sys_clk
    BUFGCTRL_X0Y0        BUFG (Prop_bufg_I_O)         0.026     1.476 r  sys_clk_BUFG_inst/O
                         net (fo=4414, routed)        0.597     2.073    pipeline_counts/clk
    SLICE_X50Y149        FDRE                                         r  pipeline_counts/pipe_out_reg[740]/C
  -------------------------------------------------------------------    -------------------
    SLICE_X50Y149        FDRE (Prop_fdre_C_Q)         0.118     2.191 r  pipeline_counts/pipe_out_reg[740]/Q
                         net (fo=1, routed)           0.125     2.317    ro_counts_piped[740]
    SLICE_X50Y150        LUT4 (Prop_lut4_I2_O)        0.029     2.346 r  fifo_counts_in[740]_i_1/O
                         net (fo=1, routed)           0.000     2.346    fifo_counts_in[740]
    SLICE_X50Y150        FDRE                                         r  fifo_counts_in_reg[740]/D
  -------------------------------------------------------------------    -------------------

                         (clock sys_clk_p rise edge)
                                                      0.000     0.000 r  
    AD12                                              0.000     0.000 r  sys_clk_p (IN)
                         net (fo=0)                   0.000     0.000    sys_clk_p
    AD12                 IBUFDS (Prop_ibufds_I_O)     0.446     0.446 r  IBUFDS_inst/O
                         net (fo=1, routed)           1.154     1.600    sys_clk
    BUFGCTRL_X0Y0        BUFG (Prop_bufg_I_O)         0.030     1.630 r  sys_clk_BUFG_inst/O
                         net (fo=4414, routed)        0.744     2.374    sys_clk_BUFG
    SLICE_X50Y150        FDRE                                         r  fifo_counts_in_reg[740]/C
                         clock pessimism             -0.161     2.212    
    SLICE_X50Y150        FDRE (Hold_fdre_C_D)         0.096     2.308    fifo_counts_in_reg[740]
  -------------------------------------------------------------------
                         required time                         -2.308    
                         arrival time                           2.346    
  -------------------------------------------------------------------
                         slack                                  0.037    





Pulse Width Checks
--------------------------------------------------------------------------------------
Clock Name:         sys_clk_p
Waveform(ns):       { 0.000 2.500 }
Period(ns):         5.000
Sources:            { sys_clk_p }

Check Type        Corner  Lib Pin             Reference Pin  Required(ns)  Actual(ns)  Slack(ns)  Location       Pin
Min Period        n/a     RAMB18E1/CLKARDCLK  n/a            1.663         5.000       3.337      RAMB18_X2Y60   cnt_fifo/U0/inst_fifo_gen/gconvfifo.rf/grf.rf/gntv_or_sync_fifo.mem/gbm.gbmg.gbmga.ngecc.bmg/inst_blk_mem_gen/gnbram.gnativebmg.native_blk_mem_gen/valid.cstr/ramloop[0].ram.r/prim_noinit.ram/DEVICE_7SERIES.NO_BMM_INFO.SDP.SIMPLE_PRIM18.ram/CLKARDCLK
Low Pulse Width   Slow    SRL16E/CLK          n/a            0.550         2.500       1.950      SLICE_X52Y147  pipeline_counts/pipeline[2].pipe_gen_reg[1600]_srl3___pipeline_r_4/CLK
High Pulse Width  Slow    SRL16E/CLK          n/a            0.550         2.500       1.950      SLICE_X52Y147  pipeline_counts/pipeline[2].pipe_gen_reg[1600]_srl3___pipeline_r_4/CLK



