Copyright 1986-2021 Xilinx, Inc. All Rights Reserved.
----------------------------------------------------------------------------------------------------------------------------------------------------------------------------------------
| Tool Version : Vivado v.2021.1 (lin64) Build 3247384 Thu Jun 10 19:36:07 MDT 2021
| Date         : Thu Jun 22 16:28:36 2023
| Host         : caslab-wkst2 running 64-bit Ubuntu 18.04.6 LTS
| Command      : report_timing_summary -file /home/anthony/Documents/fpga-phantom-circuits/src/covert_transmitter/scripts/binaries/xc7k325tffg900/reports/post_place_timing_summary.rpt
| Design       : covert_transmitter_top
| Device       : 7k325t-ffg900
| Speed File   : -3  PRODUCTION 1.12 2017-02-17
----------------------------------------------------------------------------------------------------------------------------------------------------------------------------------------

Timing Summary Report

------------------------------------------------------------------------------------------------
| Timer Settings
| --------------
------------------------------------------------------------------------------------------------

  Enable Multi Corner Analysis               :  Yes
  Enable Pessimism Removal                   :  Yes
  Pessimism Removal Resolution               :  Nearest Common Node
  Enable Input Delay Default Clock           :  No
  Enable Preset / Clear Arcs                 :  No
  Disable Flight Delays                      :  No
  Ignore I/O Paths                           :  No
  Timing Early Launch at Borrowing Latches   :  No
  Borrow Time for Max Delay Exceptions       :  Yes
  Merge Timing Exceptions                    :  Yes

  Corner  Analyze    Analyze    
  Name    Max Paths  Min Paths  
  ------  ---------  ---------  
  Slow    Yes        Yes        
  Fast    Yes        Yes        


------------------------------------------------------------------------------------------------
| Report Methodology
| ------------------
------------------------------------------------------------------------------------------------

No report available as report_methodology has not been run prior. Run report_methodology on the current design for the summary of methodology violations.



check_timing report

Table of Contents
-----------------
1. checking no_clock (0)
2. checking constant_clock (0)
3. checking pulse_width_clock (0)
4. checking unconstrained_internal_endpoints (0)
5. checking no_input_delay (2)
6. checking no_output_delay (0)
7. checking multiple_clock (0)
8. checking generated_clocks (0)
9. checking loops (14000)
10. checking partial_input_delay (0)
11. checking partial_output_delay (0)
12. checking latch_loops (0)

1. checking no_clock (0)
------------------------
 There are 0 register/latch pins with no clock.


2. checking constant_clock (0)
------------------------------
 There are 0 register/latch pins with constant_clock.


3. checking pulse_width_clock (0)
---------------------------------
 There are 0 register/latch pins which need pulse_width check


4. checking unconstrained_internal_endpoints (0)
------------------------------------------------
 There are 0 pins that are not constrained for maximum delay.

 There are 0 pins that are not constrained for maximum delay due to constant clock.


5. checking no_input_delay (2)
------------------------------
 There are 2 input ports with no input delay specified. (HIGH)

 There are 0 input ports with no input delay but user has a false path constraint.


6. checking no_output_delay (0)
-------------------------------
 There are 0 ports with no output delay specified.

 There are 0 ports with no output delay but user has a false path constraint

 There are 0 ports with no output delay but with a timing clock defined on it or propagating through it


7. checking multiple_clock (0)
------------------------------
 There are 0 register/latch pins with multiple clocks.


8. checking generated_clocks (0)
--------------------------------
 There are 0 generated clocks that are not connected to a clock source.


9. checking loops (14000)
-------------------------
 There are 14000 combinational loops in the design. (HIGH)


10. checking partial_input_delay (0)
------------------------------------
 There are 0 input ports with partial input delay specified.


11. checking partial_output_delay (0)
-------------------------------------
 There are 0 ports with partial output delay specified.


12. checking latch_loops (0)
----------------------------
 There are 0 combinational latch loops in the design through latch input



------------------------------------------------------------------------------------------------
| Design Timing Summary
| ---------------------
------------------------------------------------------------------------------------------------

    WNS(ns)      TNS(ns)  TNS Failing Endpoints  TNS Total Endpoints      WHS(ns)      THS(ns)  THS Failing Endpoints  THS Total Endpoints     WPWS(ns)     TPWS(ns)  TPWS Failing Endpoints  TPWS Total Endpoints  
    -------      -------  ---------------------  -------------------      -------      -------  ---------------------  -------------------     --------     --------  ----------------------  --------------------  
      2.687        0.000                      0                  336        0.139        0.000                      0                  336        2.100        0.000                       0                   169  


All user specified timing constraints are met.


------------------------------------------------------------------------------------------------
| Clock Summary
| -------------
------------------------------------------------------------------------------------------------

Clock      Waveform(ns)         Period(ns)      Frequency(MHz)
-----      ------------         ----------      --------------
sys_clk_p  {0.000 2.500}        5.000           200.000         


------------------------------------------------------------------------------------------------
| Intra Clock Table
| -----------------
------------------------------------------------------------------------------------------------

Clock             WNS(ns)      TNS(ns)  TNS Failing Endpoints  TNS Total Endpoints      WHS(ns)      THS(ns)  THS Failing Endpoints  THS Total Endpoints     WPWS(ns)     TPWS(ns)  TPWS Failing Endpoints  TPWS Total Endpoints  
-----             -------      -------  ---------------------  -------------------      -------      -------  ---------------------  -------------------     --------     --------  ----------------------  --------------------  
sys_clk_p           2.687        0.000                      0                  336        0.139        0.000                      0                  336        2.100        0.000                       0                   169  


------------------------------------------------------------------------------------------------
| Inter Clock Table
| -----------------
------------------------------------------------------------------------------------------------

From Clock    To Clock          WNS(ns)      TNS(ns)  TNS Failing Endpoints  TNS Total Endpoints      WHS(ns)      THS(ns)  THS Failing Endpoints  THS Total Endpoints  
----------    --------          -------      -------  ---------------------  -------------------      -------      -------  ---------------------  -------------------  


------------------------------------------------------------------------------------------------
| Other Path Groups Table
| -----------------------
------------------------------------------------------------------------------------------------

Path Group    From Clock    To Clock          WNS(ns)      TNS(ns)  TNS Failing Endpoints  TNS Total Endpoints      WHS(ns)      THS(ns)  THS Failing Endpoints  THS Total Endpoints  
----------    ----------    --------          -------      -------  ---------------------  -------------------      -------      -------  ---------------------  -------------------  


------------------------------------------------------------------------------------------------
| Timing Details
| --------------
------------------------------------------------------------------------------------------------


---------------------------------------------------------------------------------------------------
From Clock:  sys_clk_p
  To Clock:  sys_clk_p

Setup :            0  Failing Endpoints,  Worst Slack        2.687ns,  Total Violation        0.000ns
Hold  :            0  Failing Endpoints,  Worst Slack        0.139ns,  Total Violation        0.000ns
PW    :            0  Failing Endpoints,  Worst Slack        2.100ns,  Total Violation        0.000ns
---------------------------------------------------------------------------------------------------


Max Delay Paths
--------------------------------------------------------------------------------------
Slack (MET) :             2.687ns  (required time - arrival time)
  Source:                 ctrl/clk_counter_reg[22]/C
                            (rising edge-triggered cell FDRE clocked by sys_clk_p  {rise@0.000ns fall@2.500ns period=5.000ns})
  Destination:            ctrl/clk_counter_reg[29]/D
                            (rising edge-triggered cell FDRE clocked by sys_clk_p  {rise@0.000ns fall@2.500ns period=5.000ns})
  Path Group:             sys_clk_p
  Path Type:              Setup (Max at Slow Process Corner)
  Requirement:            5.000ns  (sys_clk_p rise@5.000ns - sys_clk_p rise@0.000ns)
  Data Path Delay:        2.309ns  (logic 1.194ns (51.711%)  route 1.115ns (48.289%))
  Logic Levels:           11  (CARRY4=8 LUT6=2 MUXF7=1)
  Clock Path Skew:        -0.017ns (DCD - SCD + CPR)
    Destination Clock Delay (DCD):    3.901ns = ( 8.901 - 5.000 ) 
    Source Clock Delay      (SCD):    4.230ns
    Clock Pessimism Removal (CPR):    0.312ns
  Clock Uncertainty:      0.035ns  ((TSJ^2 + TIJ^2)^1/2 + DJ) / 2 + PE
    Total System Jitter     (TSJ):    0.071ns
    Total Input Jitter      (TIJ):    0.000ns
    Discrete Jitter          (DJ):    0.000ns
    Phase Error              (PE):    0.000ns

    Location             Delay type                Incr(ns)  Path(ns)    Netlist Resource(s)
  -------------------------------------------------------------------    -------------------
                         (clock sys_clk_p rise edge)
                                                      0.000     0.000 r  
    AD12                                              0.000     0.000 r  sys_clk_p (IN)
                         net (fo=0)                   0.000     0.000    sys_clk_p
    AD12                 IBUFDS (Prop_ibufds_I_O)     0.800     0.800 r  IBUFDS_inst/O
                         net (fo=1, estimated)        2.092     2.892    sys_clk
    BUFGCTRL_X0Y0        BUFG (Prop_bufg_I_O)         0.080     2.972 r  sys_clk_BUFG_inst/O
                         net (fo=168, estimated)      1.258     4.230    ctrl/clk
    SLICE_X93Y127        FDRE                                         r  ctrl/clk_counter_reg[22]/C
  -------------------------------------------------------------------    -------------------
    SLICE_X93Y127        FDRE (Prop_fdre_C_Q)         0.216     4.446 f  ctrl/clk_counter_reg[22]/Q
                         net (fo=2, estimated)        0.438     4.884    ctrl/clk_counter_reg[22]
    SLICE_X92Y127        LUT6 (Prop_lut6_I1_O)        0.043     4.927 f  ctrl/local_mask[13]_i_9/O
                         net (fo=1, routed)           0.000     4.927    ctrl/local_mask[13]_i_9_n_0
    SLICE_X92Y127        MUXF7 (Prop_muxf7_I1_O)      0.106     5.033 f  ctrl/local_mask_reg[13]_i_4/O
                         net (fo=34, estimated)       0.578     5.611    ctrl/local_mask_reg[13]_i_4_n_0
    SLICE_X92Y122        LUT6 (Prop_lut6_I3_O)        0.120     5.731 r  ctrl/clk_counter[0]_i_2/O
                         net (fo=1, estimated)        0.092     5.823    ctrl/clk_counter[0]_i_2_n_0
    SLICE_X93Y122        CARRY4 (Prop_carry4_DI[0]_CO[3])
                                                      0.262     6.085 r  ctrl/clk_counter_reg[0]_i_1/CO[3]
                         net (fo=1, estimated)        0.000     6.085    ctrl/clk_counter_reg[0]_i_1_n_0
    SLICE_X93Y123        CARRY4 (Prop_carry4_CI_CO[3])
                                                      0.049     6.134 r  ctrl/clk_counter_reg[4]_i_1/CO[3]
                         net (fo=1, estimated)        0.000     6.134    ctrl/clk_counter_reg[4]_i_1_n_0
    SLICE_X93Y124        CARRY4 (Prop_carry4_CI_CO[3])
                                                      0.049     6.183 r  ctrl/clk_counter_reg[8]_i_1/CO[3]
                         net (fo=1, estimated)        0.007     6.190    ctrl/clk_counter_reg[8]_i_1_n_0
    SLICE_X93Y125        CARRY4 (Prop_carry4_CI_CO[3])
                                                      0.049     6.239 r  ctrl/clk_counter_reg[12]_i_1/CO[3]
                         net (fo=1, estimated)        0.000     6.239    ctrl/clk_counter_reg[12]_i_1_n_0
    SLICE_X93Y126        CARRY4 (Prop_carry4_CI_CO[3])
                                                      0.049     6.288 r  ctrl/clk_counter_reg[16]_i_1/CO[3]
                         net (fo=1, estimated)        0.000     6.288    ctrl/clk_counter_reg[16]_i_1_n_0
    SLICE_X93Y127        CARRY4 (Prop_carry4_CI_CO[3])
                                                      0.049     6.337 r  ctrl/clk_counter_reg[20]_i_1/CO[3]
                         net (fo=1, estimated)        0.000     6.337    ctrl/clk_counter_reg[20]_i_1_n_0
    SLICE_X93Y128        CARRY4 (Prop_carry4_CI_CO[3])
                                                      0.049     6.386 r  ctrl/clk_counter_reg[24]_i_1/CO[3]
                         net (fo=1, estimated)        0.000     6.386    ctrl/clk_counter_reg[24]_i_1_n_0
    SLICE_X93Y129        CARRY4 (Prop_carry4_CI_O[1])
                                                      0.153     6.539 r  ctrl/clk_counter_reg[28]_i_1/O[1]
                         net (fo=1, routed)           0.000     6.539    ctrl/clk_counter_reg[28]_i_1_n_6
    SLICE_X93Y129        FDRE                                         r  ctrl/clk_counter_reg[29]/D
  -------------------------------------------------------------------    -------------------

                         (clock sys_clk_p rise edge)
                                                      5.000     5.000 r  
    AD12                                              0.000     5.000 r  sys_clk_p (IN)
                         net (fo=0)                   0.000     5.000    sys_clk_p
    AD12                 IBUFDS (Prop_ibufds_I_O)     0.694     5.694 r  IBUFDS_inst/O
                         net (fo=1, estimated)        1.987     7.682    sys_clk
    BUFGCTRL_X0Y0        BUFG (Prop_bufg_I_O)         0.072     7.754 r  sys_clk_BUFG_inst/O
                         net (fo=168, estimated)      1.147     8.901    ctrl/clk
    SLICE_X93Y129        FDRE                                         r  ctrl/clk_counter_reg[29]/C
                         clock pessimism              0.312     9.213    
                         clock uncertainty           -0.035     9.177    
    SLICE_X93Y129        FDRE (Setup_fdre_C_D)        0.048     9.225    ctrl/clk_counter_reg[29]
  -------------------------------------------------------------------
                         required time                          9.225    
                         arrival time                          -6.539    
  -------------------------------------------------------------------
                         slack                                  2.687    





Min Delay Paths
--------------------------------------------------------------------------------------
Slack (MET) :             0.139ns  (arrival time - required time)
  Source:                 rx_uart/data_reg_reg[0]/C
                            (rising edge-triggered cell FDRE clocked by sys_clk_p  {rise@0.000ns fall@2.500ns period=5.000ns})
  Destination:            rx_uart/o_data_reg[0]/D
                            (rising edge-triggered cell FDRE clocked by sys_clk_p  {rise@0.000ns fall@2.500ns period=5.000ns})
  Path Group:             sys_clk_p
  Path Type:              Hold (Min at Fast Process Corner)
  Requirement:            0.000ns  (sys_clk_p rise@0.000ns - sys_clk_p rise@0.000ns)
  Data Path Delay:        0.210ns  (logic 0.100ns (47.559%)  route 0.110ns (52.441%))
  Logic Levels:           0  
  Clock Path Skew:        0.012ns (DCD - SCD - CPR)
    Destination Clock Delay (DCD):    2.564ns
    Source Clock Delay      (SCD):    2.201ns
    Clock Pessimism Removal (CPR):    0.351ns

    Location             Delay type                Incr(ns)  Path(ns)    Netlist Resource(s)
  -------------------------------------------------------------------    -------------------
                         (clock sys_clk_p rise edge)
                                                      0.000     0.000 r  
    AD12                                              0.000     0.000 r  sys_clk_p (IN)
                         net (fo=0)                   0.000     0.000    sys_clk_p
    AD12                 IBUFDS (Prop_ibufds_I_O)     0.367     0.367 r  IBUFDS_inst/O
                         net (fo=1, estimated)        1.221     1.588    sys_clk
    BUFGCTRL_X0Y0        BUFG (Prop_bufg_I_O)         0.026     1.614 r  sys_clk_BUFG_inst/O
                         net (fo=168, estimated)      0.587     2.201    rx_uart/i_clk
    SLICE_X91Y124        FDRE                                         r  rx_uart/data_reg_reg[0]/C
  -------------------------------------------------------------------    -------------------
    SLICE_X91Y124        FDRE (Prop_fdre_C_Q)         0.100     2.301 r  rx_uart/data_reg_reg[0]/Q
                         net (fo=1, estimated)        0.110     2.411    rx_uart/data_reg[0]
    SLICE_X90Y124        FDRE                                         r  rx_uart/o_data_reg[0]/D
  -------------------------------------------------------------------    -------------------

                         (clock sys_clk_p rise edge)
                                                      0.000     0.000 r  
    AD12                                              0.000     0.000 r  sys_clk_p (IN)
                         net (fo=0)                   0.000     0.000    sys_clk_p
    AD12                 IBUFDS (Prop_ibufds_I_O)     0.446     0.446 r  IBUFDS_inst/O
                         net (fo=1, estimated)        1.285     1.730    sys_clk
    BUFGCTRL_X0Y0        BUFG (Prop_bufg_I_O)         0.030     1.760 r  sys_clk_BUFG_inst/O
                         net (fo=168, estimated)      0.804     2.564    rx_uart/i_clk
    SLICE_X90Y124        FDRE                                         r  rx_uart/o_data_reg[0]/C
                         clock pessimism             -0.351     2.213    
    SLICE_X90Y124        FDRE (Hold_fdre_C_D)         0.059     2.272    rx_uart/o_data_reg[0]
  -------------------------------------------------------------------
                         required time                         -2.272    
                         arrival time                           2.411    
  -------------------------------------------------------------------
                         slack                                  0.139    





Pulse Width Checks
--------------------------------------------------------------------------------------
Clock Name:         sys_clk_p
Waveform(ns):       { 0.000 2.500 }
Period(ns):         5.000
Sources:            { sys_clk_p }

Check Type        Corner  Lib Pin  Reference Pin  Required(ns)  Actual(ns)  Slack(ns)  Location       Pin
Min Period        n/a     BUFG/I   n/a            1.349         5.000       3.650      BUFGCTRL_X0Y0  sys_clk_BUFG_inst/I
Low Pulse Width   Slow    FDRE/C   n/a            0.400         2.500       2.100      SLICE_X90Y125  recv_data_reg[5]/C
High Pulse Width  Slow    FDRE/C   n/a            0.350         2.500       2.150      SLICE_X91Y125  ctrl_rst_reg/C



